<html>
<body>
<pre>
<h1>礦ision Build Log</h1>
<h2>Tool Versions:</h2>
IDE-Version: μVision V5.39.0.0
Copyright (C) 2023 ARM Ltd and ARM Germany GmbH. All rights reserved.
License Information: 22 52hz, 2, LIC=PE7DL-0J35S-9UG4U-SC728-4NU0A-2HAD5
 
Tool Versions:
Toolchain:       MDK-ARM Plus  Version: 5.39.0.0
Toolchain Path:  D:\keil5\ARM\ARMCC\Bin
C Compiler:      Armcc.exe V5.04 update 1 (build 49)
Assembler:       Armasm.exe V5.04 update 1 (build 49)
Linker/Locator:  ArmLink.exe V5.04 update 1 (build 49)
Library Manager: ArmAr.exe V5.04 update 1 (build 49)
Hex Converter:   FromElf.exe V5.04 update 1 (build 49)
CPU DLL:         SARMCM3.DLL V5.39.0.0
Dialog DLL:      DCM.DLL V1.17.5.0
Target DLL:      STLink\ST-LINKIII-KEIL_SWO.dll V3.2.0.0
Dialog DLL:      TCM.DLL V1.56.4.0
 
<h2>Project:</h2>
G:\桌面\智慧化工实验室\Project.uvprojx
Project File Date:  10/20/2024

<h2>Output:</h2>
*** Using Compiler 'V5.04 update 1 (build 49)', folder: 'D:\keil5\ARM\ARMCC\Bin'
Build target 'Target 1'
compiling main.c...
.\Hardware\Usart_1.h(29): warning:  #1-D: last line of file ends without a newline
  void Usart1_SendNumber(uint32_t Number, uint8_t Length);
.\Hardware\Usart_1.h(29): warning:  #1-D: last line of file ends without a newline
  void Usart1_SendNumber(uint32_t Number, uint8_t Length);
.\Hardware\Usart_2.h(31): warning:  #1-D: last line of file ends without a newline
  void Usart2_SendNumber(uint32_t Number, uint8_t Length);
.\Hardware\Wifi.h(40): warning:  #1-D: last line of file ends without a newline
  #endif
.\Hardware\Json_transmit.h(14): warning:  #1-D: last line of file ends without a newline
  #endif
User\main.c: 5 warnings, 0 errors
linking...
Program Size: Code=19700 RO-data=476 RW-data=84 ZI-data=7732  
".\Objects\Project.axf" - 0 Error(s), 5 Warning(s).

<h2>Software Packages used:</h2>

Package Vendor: Keil
                https://www.keil.com/pack/Keil.STM32F1xx_DFP.2.4.1.pack
                Keil::STM32F1xx_DFP@2.4.1
                STMicroelectronics STM32F1 Series Device Support, Drivers and Examples

<h2>Collection of Component include folders:</h2>
  D:/keil5/ARM/Pack/Keil/STM32F1xx_DFP/2.4.1/Device/Include

<h2>Collection of Component Files used:</h2>
Build Time Elapsed:  00:00:01
</pre>
</body>
</html>
