<html>
<body>
<pre>
<h1>礦ision Build Log</h1>
<h2>Tool Versions:</h2>
IDE-Version: μVision V5.39.0.0
Copyright (C) 2023 ARM Ltd and ARM Germany GmbH. All rights reserved.
License Information: 22 52hz, 2, LIC=PE7DL-0J35S-9UG4U-SC728-4NU0A-2HAD5
 
Tool Versions:
Toolchain:       MDK-ARM Plus  Version: 5.39.0.0
Toolchain Path:  D:\keil5\ARM\ARMCC\Bin
C Compiler:      Armcc.exe V5.04 update 1 (build 49)
Assembler:       Armasm.exe V5.04 update 1 (build 49)
Linker/Locator:  ArmLink.exe V5.04 update 1 (build 49)
Library Manager: ArmAr.exe V5.04 update 1 (build 49)
Hex Converter:   FromElf.exe V5.04 update 1 (build 49)
CPU DLL:         SARMCM3.DLL V5.39.0.0
Dialog DLL:      DCM.DLL V1.17.5.0
Target DLL:      STLink\ST-LINKIII-KEIL_SWO.dll V3.2.0.0
Dialog DLL:      TCM.DLL V1.56.4.0
 
<h2>Project:</h2>
G:\桌面\智慧化工实验室\Project.uvprojx
Project File Date:  10/19/2024

<h2>Output:</h2>
*** Using Compiler 'V5.04 update 1 (build 49)', folder: 'D:\keil5\ARM\ARMCC\Bin'
Rebuild target 'Target 1'
assembling startup_stm32f10x_md.s...
compiling stm32f10x_dac.c...
compiling core_cm3.c...
compiling stm32f10x_dma.c...
compiling misc.c...
compiling stm32f10x_can.c...
compiling stm32f10x_flash.c...
compiling stm32f10x_dbgmcu.c...
compiling stm32f10x_crc.c...
compiling stm32f10x_adc.c...
compiling stm32f10x_bkp.c...
compiling system_stm32f10x.c...
compiling stm32f10x_exti.c...
compiling stm32f10x_fsmc.c...
compiling stm32f10x_cec.c...
compiling stm32f10x_gpio.c...
compiling stm32f10x_i2c.c...
compiling stm32f10x_iwdg.c...
compiling stm32f10x_pwr.c...
compiling stm32f10x_spi.c...
compiling stm32f10x_rtc.c...
compiling stm32f10x_sdio.c...
compiling stm32f10x_rcc.c...
compiling stm32f10x_usart.c...
compiling stm32f10x_tim.c...
compiling stm32f10x_wwdg.c...
compiling Delay.c...
compiling LED.c...
compiling Key.c...
compiling OLED.c...
compiling I2c.c...
Hardware\Usart_1.h(29): warning:  #1-D: last line of file ends without a newline
  void Usart1_SendNumber(uint32_t Number, uint8_t Length);
Hardware\Usart_1.h(29): warning:  #1-D: last line of file ends without a newline
  void Usart1_SendNumber(uint32_t Number, uint8_t Length);
Hardware\I2c.c: 2 warnings, 0 errors
compiling Usart_1.c...
Hardware\Usart_1.h(29): warning:  #1-D: last line of file ends without a newline
  void Usart1_SendNumber(uint32_t Number, uint8_t Length);
Hardware\Usart_1.c(179): warning:  #1-D: last line of file ends without a newline
  }
Hardware\Usart_1.c: 2 warnings, 0 errors
compiling Usart_2.c...
Hardware\Usart_2.h(31): warning:  #1-D: last line of file ends without a newline
  void Usart2_SendNumber(uint32_t Number, uint8_t Length);
Hardware\Usart_2.c: 1 warning, 0 errors
compiling Sht_20.c...
Hardware\Usart_1.h(29): warning:  #1-D: last line of file ends without a newline
  void Usart1_SendNumber(uint32_t Number, uint8_t Length);
Hardware\Sht_20.c: 1 warning, 0 errors
compiling Adcx.c...
compiling stm32f10x_it.c...
compiling MQ_2.c...
compiling main.c...
.\Hardware\Usart_1.h(29): warning:  #1-D: last line of file ends without a newline
  void Usart1_SendNumber(uint32_t Number, uint8_t Length);
.\Hardware\Usart_1.h(29): warning:  #1-D: last line of file ends without a newline
  void Usart1_SendNumber(uint32_t Number, uint8_t Length);
.\Hardware\Usart_2.h(31): warning:  #1-D: last line of file ends without a newline
  void Usart2_SendNumber(uint32_t Number, uint8_t Length);
User\main.c: 3 warnings, 0 errors
compiling ESP8266.c...
Hardware\Usart_1.h(29): warning:  #1-D: last line of file ends without a newline
  void Usart1_SendNumber(uint32_t Number, uint8_t Length);
Hardware\Usart_2.h(31): warning:  #1-D: last line of file ends without a newline
  void Usart2_SendNumber(uint32_t Number, uint8_t Length);
Hardware\ESP8266.c: 2 warnings, 0 errors
linking...
Program Size: Code=13028 RO-data=412 RW-data=48 ZI-data=3200  
".\Objects\Project.axf" - 0 Error(s), 11 Warning(s).

<h2>Software Packages used:</h2>

Package Vendor: Keil
                https://www.keil.com/pack/Keil.STM32F1xx_DFP.2.4.1.pack
                Keil::STM32F1xx_DFP@2.4.1
                STMicroelectronics STM32F1 Series Device Support, Drivers and Examples

<h2>Collection of Component include folders:</h2>
  D:/keil5/ARM/Pack/Keil/STM32F1xx_DFP/2.4.1/Device/Include

<h2>Collection of Component Files used:</h2>
Build Time Elapsed:  00:00:03
</pre>
</body>
</html>
