Product: MDK Plus 5.39
Component: ARM Compiler 5.04 update 1 (build 49)
Tool: armlink [5040049]

==============================================================================

Section Cross References

    startup_stm32f10x_md.o(RESET) refers to startup_stm32f10x_md.o(STACK) for __initial_sp
    startup_stm32f10x_md.o(RESET) refers to startup_stm32f10x_md.o(.text) for Reset_Handler
    startup_stm32f10x_md.o(RESET) refers to stm32f10x_it.o(i.NMI_Handler) for NMI_Handler
    startup_stm32f10x_md.o(RESET) refers to stm32f10x_it.o(i.HardFault_Handler) for HardFault_Handler
    startup_stm32f10x_md.o(RESET) refers to stm32f10x_it.o(i.MemManage_Handler) for MemManage_Handler
    startup_stm32f10x_md.o(RESET) refers to stm32f10x_it.o(i.BusFault_Handler) for BusFault_Handler
    startup_stm32f10x_md.o(RESET) refers to stm32f10x_it.o(i.UsageFault_Handler) for UsageFault_Handler
    startup_stm32f10x_md.o(RESET) refers to stm32f10x_it.o(i.SVC_Handler) for SVC_Handler
    startup_stm32f10x_md.o(RESET) refers to stm32f10x_it.o(i.DebugMon_Handler) for DebugMon_Handler
    startup_stm32f10x_md.o(RESET) refers to stm32f10x_it.o(i.PendSV_Handler) for PendSV_Handler
    startup_stm32f10x_md.o(RESET) refers to stm32f10x_it.o(i.SysTick_Handler) for SysTick_Handler
    startup_stm32f10x_md.o(RESET) refers to usart_1.o(i.USART1_IRQHandler) for USART1_IRQHandler
    startup_stm32f10x_md.o(RESET) refers to wifi.o(i.USART2_IRQHandler) for USART2_IRQHandler
    startup_stm32f10x_md.o(.text) refers to system_stm32f10x.o(i.SystemInit) for SystemInit
    startup_stm32f10x_md.o(.text) refers to entry.o(.ARM.Collect$$$$00000000) for __main
    system_stm32f10x.o(i.SetSysClock) refers to system_stm32f10x.o(i.SetSysClockTo72) for SetSysClockTo72
    system_stm32f10x.o(i.SystemCoreClockUpdate) refers to system_stm32f10x.o(.data) for SystemCoreClock
    system_stm32f10x.o(i.SystemInit) refers to system_stm32f10x.o(i.SetSysClock) for SetSysClock
    stm32f10x_adc.o(i.ADC_DeInit) refers to stm32f10x_rcc.o(i.RCC_APB2PeriphResetCmd) for RCC_APB2PeriphResetCmd
    stm32f10x_bkp.o(i.BKP_DeInit) refers to stm32f10x_rcc.o(i.RCC_BackupResetCmd) for RCC_BackupResetCmd
    stm32f10x_can.o(i.CAN_DeInit) refers to stm32f10x_rcc.o(i.RCC_APB1PeriphResetCmd) for RCC_APB1PeriphResetCmd
    stm32f10x_can.o(i.CAN_GetITStatus) refers to stm32f10x_can.o(i.CheckITStatus) for CheckITStatus
    stm32f10x_cec.o(i.CEC_DeInit) refers to stm32f10x_rcc.o(i.RCC_APB1PeriphResetCmd) for RCC_APB1PeriphResetCmd
    stm32f10x_dac.o(i.DAC_DeInit) refers to stm32f10x_rcc.o(i.RCC_APB1PeriphResetCmd) for RCC_APB1PeriphResetCmd
    stm32f10x_flash.o(i.FLASH_EnableWriteProtection) refers to stm32f10x_flash.o(i.FLASH_WaitForLastOperation) for FLASH_WaitForLastOperation
    stm32f10x_flash.o(i.FLASH_EraseAllBank1Pages) refers to stm32f10x_flash.o(i.FLASH_WaitForLastBank1Operation) for FLASH_WaitForLastBank1Operation
    stm32f10x_flash.o(i.FLASH_EraseAllPages) refers to stm32f10x_flash.o(i.FLASH_WaitForLastOperation) for FLASH_WaitForLastOperation
    stm32f10x_flash.o(i.FLASH_EraseOptionBytes) refers to stm32f10x_flash.o(i.FLASH_GetReadOutProtectionStatus) for FLASH_GetReadOutProtectionStatus
    stm32f10x_flash.o(i.FLASH_EraseOptionBytes) refers to stm32f10x_flash.o(i.FLASH_WaitForLastOperation) for FLASH_WaitForLastOperation
    stm32f10x_flash.o(i.FLASH_ErasePage) refers to stm32f10x_flash.o(i.FLASH_WaitForLastOperation) for FLASH_WaitForLastOperation
    stm32f10x_flash.o(i.FLASH_ProgramHalfWord) refers to stm32f10x_flash.o(i.FLASH_WaitForLastOperation) for FLASH_WaitForLastOperation
    stm32f10x_flash.o(i.FLASH_ProgramOptionByteData) refers to stm32f10x_flash.o(i.FLASH_WaitForLastOperation) for FLASH_WaitForLastOperation
    stm32f10x_flash.o(i.FLASH_ProgramWord) refers to stm32f10x_flash.o(i.FLASH_WaitForLastOperation) for FLASH_WaitForLastOperation
    stm32f10x_flash.o(i.FLASH_ReadOutProtection) refers to stm32f10x_flash.o(i.FLASH_WaitForLastOperation) for FLASH_WaitForLastOperation
    stm32f10x_flash.o(i.FLASH_UserOptionByteConfig) refers to stm32f10x_flash.o(i.FLASH_WaitForLastOperation) for FLASH_WaitForLastOperation
    stm32f10x_flash.o(i.FLASH_WaitForLastBank1Operation) refers to stm32f10x_flash.o(i.FLASH_GetBank1Status) for FLASH_GetBank1Status
    stm32f10x_flash.o(i.FLASH_WaitForLastOperation) refers to stm32f10x_flash.o(i.FLASH_GetBank1Status) for FLASH_GetBank1Status
    stm32f10x_gpio.o(i.GPIO_AFIODeInit) refers to stm32f10x_rcc.o(i.RCC_APB2PeriphResetCmd) for RCC_APB2PeriphResetCmd
    stm32f10x_gpio.o(i.GPIO_DeInit) refers to stm32f10x_rcc.o(i.RCC_APB2PeriphResetCmd) for RCC_APB2PeriphResetCmd
    stm32f10x_i2c.o(i.I2C_DeInit) refers to stm32f10x_rcc.o(i.RCC_APB1PeriphResetCmd) for RCC_APB1PeriphResetCmd
    stm32f10x_i2c.o(i.I2C_Init) refers to stm32f10x_rcc.o(i.RCC_GetClocksFreq) for RCC_GetClocksFreq
    stm32f10x_pwr.o(i.PWR_DeInit) refers to stm32f10x_rcc.o(i.RCC_APB1PeriphResetCmd) for RCC_APB1PeriphResetCmd
[...]
    ../clib/microlib/init/entry.s            0x00000000   Number         0  entry11b.o ABSOLUTE
    ../clib/microlib/init/entry.s            0x00000000   Number         0  entry10a.o ABSOLUTE
    ../clib/microlib/init/entry.s            0x00000000   Number         0  entry8a.o ABSOLUTE
    ../clib/microlib/init/entry.s            0x00000000   Number         0  entry7b.o ABSOLUTE
    ../clib/microlib/init/entry.s            0x00000000   Number         0  entry7a.o ABSOLUTE
    ../clib/microlib/init/entry.s            0x00000000   Number         0  entry5.o ABSOLUTE
    ../clib/microlib/longlong.c              0x00000000   Number         0  llushr.o ABSOLUTE
    ../clib/microlib/longlong.c              0x00000000   Number         0  llsshr.o ABSOLUTE
    ../clib/microlib/longlong.c              0x00000000   Number         0  llshl.o ABSOLUTE
    ../clib/microlib/malloc/malloc.c         0x00000000   Number         0  malloc.o ABSOLUTE
    ../clib/microlib/malloc/malloc.c         0x00000000   Number         0  mallocr.o ABSOLUTE
    ../clib/microlib/malloc/malloc.c         0x00000000   Number         0  malloca.o ABSOLUTE
    ../clib/microlib/malloc/malloc.c         0x00000000   Number         0  mallocra.o ABSOLUTE
    ../clib/microlib/malloc/mvars.c          0x00000000   Number         0  mvars.o ABSOLUTE
    ../clib/microlib/printf/printf.c         0x00000000   Number         0  printfa.o ABSOLUTE
    ../clib/microlib/printf/printf.c         0x00000000   Number         0  printfb.o ABSOLUTE
    ../clib/microlib/printf/printf.c         0x00000000   Number         0  printf0.o ABSOLUTE
    ../clib/microlib/printf/printf.c         0x00000000   Number         0  printf1.o ABSOLUTE
    ../clib/microlib/printf/printf.c         0x00000000   Number         0  printf2.o ABSOLUTE
    ../clib/microlib/printf/printf.c         0x00000000   Number         0  printf3.o ABSOLUTE
    ../clib/microlib/printf/printf.c         0x00000000   Number         0  printf4.o ABSOLUTE
    ../clib/microlib/printf/printf.c         0x00000000   Number         0  printf5.o ABSOLUTE
    ../clib/microlib/printf/printf.c         0x00000000   Number         0  printf6.o ABSOLUTE
    ../clib/microlib/printf/printf.c         0x00000000   Number         0  printf7.o ABSOLUTE
    ../clib/microlib/printf/printf.c         0x00000000   Number         0  printf8.o ABSOLUTE
    ../clib/microlib/printf/stubs.s          0x00000000   Number         0  stubs.o ABSOLUTE
    ../clib/microlib/stdio/fputc.c           0x00000000   Number         0  fputc.o ABSOLUTE
    ../clib/microlib/stdio/semi.s            0x00000000   Number         0  semi.o ABSOLUTE
    ../clib/microlib/stdio/streams.c         0x00000000   Number         0  stdout.o ABSOLUTE
    ../clib/microlib/string/memcpy.c         0x00000000   Number         0  memcpya.o ABSOLUTE
    ../clib/microlib/string/memcpy.c         0x00000000   Number         0  memcpyb.o ABSOLUTE
    ../clib/microlib/string/memset.c         0x00000000   Number         0  memseta.o ABSOLUTE
    ../clib/microlib/string/strcmp.c         0x00000000   Number         0  strcmp.o ABSOLUTE
    ../clib/microlib/string/strcpy.c         0x00000000   Number         0  strcpy.o ABSOLUTE
    ../clib/microlib/string/strlen.c         0x00000000   Number         0  strlen.o ABSOLUTE
    ../clib/microlib/string/strncmp.c        0x00000000   Number         0  strncmp.o ABSOLUTE
    ../clib/microlib/string/strstr.c         0x00000000   Number         0  strstr.o ABSOLUTE
    ../clib/microlib/stubs.s                 0x00000000   Number         0  iusesemip.o ABSOLUTE
    ../clib/microlib/stubs.s                 0x00000000   Number         0  iusefp.o ABSOLUTE
    ../clib/scanf.c                          0x00000000   Number         0  scanf_char.o ABSOLUTE
    ../clib/scanf.c                          0x00000000   Number         0  scanf_fp.o ABSOLUTE
    ../clib/scanf.c                          0x00000000   Number         0  __0sscanf.o ABSOLUTE
    ../clib/scanf.c                          0x00000000   Number         0  _scanf.o ABSOLUTE
    ../clib/scanf.c                          0x00000000   Number         0  strtod.o ABSOLUTE
    ../clib/scanf.c                          0x00000000   Number         0  _sgetc.o ABSOLUTE
    ../fplib/microlib/d2f.c                  0x00000000   Number         0  d2f.o ABSOLUTE
    ../fplib/microlib/f2d.c                  0x00000000   Number         0  f2d.o ABSOLUTE
    ../fplib/microlib/fpadd.c                0x00000000   Number         0  dadd.o ABSOLUTE
    ../fplib/microlib/fpadd.c                0x00000000   Number         0  fadd.o ABSOLUTE
    ../fplib/microlib/fpdiv.c                0x00000000   Number         0  fdiv.o ABSOLUTE
    ../fplib/microlib/fpdiv.c                0x00000000   Number         0  ddiv.o ABSOLUTE
    ../fplib/microlib/fpepilogue.c           0x00000000   Number         0  depilogue.o ABSOLUTE
    ../fplib/microlib/fpepilogue.c           0x00000000   Number         0  fepilogue.o ABSOLUTE
    ../fplib/microlib/fpfix.c                0x00000000   Number         0  ffixui.o ABSOLUTE
    ../fplib/microlib/fpfix.c                0x00000000   Number         0  dfixi.o ABSOLUTE
    ../fplib/microlib/fpfix.c                0x00000000   Number         0  dfixul.o ABSOLUTE
    ../fplib/microlib/fpflt.c                0x00000000   Number         0  dflti.o ABSOLUTE
    ../fplib/microlib/fpflt.c                0x00000000   Number         0  ffltui.o ABSOLUTE
    ../fplib/microlib/fpflt.c                0x00000000   Number         0  dfltul.o ABSOLUTE
    ../fplib/microlib/fpmul.c                0x00000000   Number         0  fmul.o ABSOLUTE
    ../fplib/microlib/fpmul.c                0x00000000   Number         0  dmul.o ABSOLUTE
    ../fplib/microlib/fpscalb.c              0x00000000   Number         0  dscalb.o ABSOLUTE
    ../fplib/microlib/fpsqrt.c               0x00000000   Number         0  dsqrt.o ABSOLUTE
    ../mathlib/dunder.c                      0x00000000   Number         0  dunder.o ABSOLUTE
    ../mathlib/fpclassify.c                  0x00000000   Number         0  fpclassify.o ABSOLUTE
    ../mathlib/poly.c                        0x00000000   Number         0  poly.o ABSOLUTE
    ../mathlib/pow.c                         0x00000000   Number         0  pow.o ABSOLUTE
    ../mathlib/pow.c                         0x00000000   Number         0  pow_x.o ABSOLUTE
    ../mathlib/qnan.c                        0x00000000   Number         0  qnan.o ABSOLUTE
    ../mathlib/sqrt.c                        0x00000000   Number         0  sqrt.o ABSOLUTE
    ../mathlib/sqrt.c                        0x00000000   Number         0  sqrt_x.o ABSOLUTE
    ../mathlib/strtod.c                      0x00000000   Number         0  strtod.o ABSOLUTE
    Hardware\Adcx.c                          0x00000000   Number         0  adcx.o ABSOLUTE
    Hardware\ESP8266.c                       0x00000000   Number         0  esp8266.o ABSOLUTE
    Hardware\I2c.c                           0x00000000   Number         0  i2c.o ABSOLUTE
    Hardware\Json_transmit.c                 0x00000000   Number         0  json_transmit.o ABSOLUTE
    Hardware\Key.c                           0x00000000   Number         0  key.o ABSOLUTE
    Hardware\LED.c                           0x00000000   Number         0  led.o ABSOLUTE
    Hardware\MQ_2.c                          0x00000000   Number         0  mq_2.o ABSOLUTE
    Hardware\OLED.c                          0x00000000   Number         0  oled.o ABSOLUTE
    Hardware\Sht_20.c                        0x00000000   Number         0  sht_20.o ABSOLUTE
    Hardware\Usart_1.c                       0x00000000   Number         0  usart_1.o ABSOLUTE
    Hardware\Usart_2.c                       0x00000000   Number         0  usart_2.o ABSOLUTE
    Hardware\Wifi.c                          0x00000000   Number         0  wifi.o ABSOLUTE
    Hardware\cJSON.c                         0x00000000   Number         0  cjson.o ABSOLUTE
    Library\misc.c                           0x00000000   Number         0  misc.o ABSOLUTE
    Library\stm32f10x_adc.c                  0x00000000   Number         0  stm32f10x_adc.o ABSOLUTE
    Library\stm32f10x_bkp.c                  0x00000000   Number         0  stm32f10x_bkp.o ABSOLUTE
    Library\stm32f10x_can.c                  0x00000000   Number         0  stm32f10x_can.o ABSOLUTE
    Library\stm32f10x_cec.c                  0x00000000   Number         0  stm32f10x_cec.o ABSOLUTE
    Library\stm32f10x_crc.c                  0x00000000   Number         0  stm32f10x_crc.o ABSOLUTE
    Library\stm32f10x_dac.c                  0x00000000   Number         0  stm32f10x_dac.o ABSOLUTE
    Library\stm32f10x_dbgmcu.c               0x00000000   Number         0  stm32f10x_dbgmcu.o ABSOLUTE
    Library\stm32f10x_dma.c                  0x00000000   Number         0  stm32f10x_dma.o ABSOLUTE
    Library\stm32f10x_exti.c                 0x00000000   Number         0  stm32f10x_exti.o ABSOLUTE
    Library\stm32f10x_flash.c                0x00000000   Number         0  stm32f10x_flash.o ABSOLUTE
    Library\stm32f10x_fsmc.c                 0x00000000   Number         0  stm32f10x_fsmc.o ABSOLUTE
    Library\stm32f10x_gpio.c                 0x00000000   Number         0  stm32f10x_gpio.o ABSOLUTE
    Library\stm32f10x_i2c.c                  0x00000000   Number         0  stm32f10x_i2c.o ABSOLUTE
    Library\stm32f10x_iwdg.c                 0x00000000   Number         0  stm32f10x_iwdg.o ABSOLUTE
    Library\stm32f10x_pwr.c                  0x00000000   Number         0  stm32f10x_pwr.o ABSOLUTE
    Library\stm32f10x_rcc.c                  0x00000000   Number         0  stm32f10x_rcc.o ABSOLUTE
    Library\stm32f10x_rtc.c                  0x00000000   Number         0  stm32f10x_rtc.o ABSOLUTE
    Library\stm32f10x_sdio.c                 0x00000000   Number         0  stm32f10x_sdio.o ABSOLUTE
    Library\stm32f10x_spi.c                  0x00000000   Number         0  stm32f10x_spi.o ABSOLUTE
    Library\stm32f10x_tim.c                  0x00000000   Number         0  stm32f10x_tim.o ABSOLUTE
    Library\stm32f10x_usart.c                0x00000000   Number         0  stm32f10x_usart.o ABSOLUTE
    Library\stm32f10x_wwdg.c                 0x00000000   Number         0  stm32f10x_wwdg.o ABSOLUTE
    Start\\core_cm3.c                        0x00000000   Number         0  core_cm3.o ABSOLUTE
    Start\core_cm3.c                         0x00000000   Number         0  core_cm3.o ABSOLUTE
    Start\startup_stm32f10x_md.s             0x00000000   Number         0  startup_stm32f10x_md.o ABSOLUTE
    Start\system_stm32f10x.c                 0x00000000   Number         0  system_stm32f10x.o ABSOLUTE
    System\Delay.c                           0x00000000   Number         0  delay.o ABSOLUTE
    User\main.c                              0x00000000   Number         0  main.o ABSOLUTE
    User\stm32f10x_it.c                      0x00000000   Number         0  stm32f10x_it.o ABSOLUTE
    cdcmple.s                                0x00000000   Number         0  cdcmple.o ABSOLUTE
    cdrcmple.s                               0x00000000   Number         0  cdrcmple.o ABSOLUTE
    dc.s                                     0x00000000   Number         0  dc.o ABSOLUTE
    handlers.s                               0x00000000   Number         0  handlers.o ABSOLUTE
    init.s                                   0x00000000   Number         0  init.o ABSOLUTE
    RESET                                    0x08000000   Section      236  startup_stm32f10x_md.o(RESET)
    .ARM.Collect$$$$00000000                 0x080000ec   Section        0  entry.o(.ARM.Collect$$$$00000000)
    .ARM.Collect$$$$00000001                 0x080000ec   Section        4  entry2.o(.ARM.Collect$$$$00000001)
    .ARM.Collect$$$$00000004                 0x080000f0   Section        4  entry5.o(.ARM.Collect$$$$00000004)
    .ARM.Collect$$$$00000008                 0x080000f4   Section        0  entry7b.o(.ARM.Collect$$$$00000008)
    .ARM.Collect$$$$0000000A                 0x080000f4   Section        0  entry8b.o(.ARM.Collect$$$$0000000A)
    .ARM.Collect$$$$0000000B                 0x080000f4   Section        8  entry9a.o(.ARM.Collect$$$$0000000B)
    .ARM.Collect$$$$0000000D                 0x080000fc   Section        0  entry10a.o(.ARM.Collect$$$$0000000D)
    .ARM.Collect$$$$0000000F                 0x080000fc   Section        0  entry11a.o(.ARM.Collect$$$$0000000F)
    .ARM.Collect$$$$00002712                 0x080000fc   Section        4  entry2.o(.ARM.Collect$$$$00002712)
    __lit__00000000                          0x080000fc   Data           4  entry2.o(.ARM.Collect$$$$00002712)
    .text                                    0x08000100   Section       36  startup_stm32f10x_md.o(.text)
    .text                                    0x08000124   Section        0  memcpya.o(.text)
    .text                                    0x08000148   Section        0  memseta.o(.text)
    .text                                    0x0800016c   Section        0  strstr.o(.text)
    .text                                    0x08000190   Section        0  strlen.o(.text)
    .text                                    0x0800019e   Section        0  strcpy.o(.text)
    .text                                    0x080001b0   Section        0  __0sscanf.o(.text)
    .text                                    0x080001e8   Section        0  scanf_fp.o(.text)
    _fp_value                                0x080001e9   Thumb Code   256  scanf_fp.o(.text)
    .text                                    0x08000520   Section        0  fadd.o(.text)
    .text                                    0x080005d0   Section        0  fmul.o(.text)
    .text                                    0x08000634   Section        0  fdiv.o(.text)
    .text                                    0x080006b0   Section        0  dadd.o(.text)
    .text                                    0x080007fe   Section        0  dmul.o(.text)
    .text                                    0x080008e2   Section        0  ddiv.o(.text)
    .text                                    0x080009c0   Section        0  ffltui.o(.text)
    .text                                    0x080009ca   Section        0  dflti.o(.text)
    .text                                    0x080009ec   Section        0  ffixui.o(.text)
    .text                                    0x08000a14   Section        0  dfixi.o(.text)
    .text                                    0x08000a52   Section        0  f2d.o(.text)
    .text                                    0x08000a78   Section       40  cdcmple.o(.text)
    .text                                    0x08000aa0   Section       40  cdrcmple.o(.text)
    .text                                    0x08000ac8   Section        0  d2f.o(.text)
    .text                                    0x08000b00   Section        0  uidiv.o(.text)
    .text                                    0x08000b2c   Section        0  uldiv.o(.text)
    .text                                    0x08000b8e   Section        0  llshl.o(.text)
    .text                                    0x08000bac   Section        0  llushr.o(.text)
    .text                                    0x08000bcc   Section        0  llsshr.o(.text)
    .text                                    0x08000bf0   Section        0  scanf_char.o(.text)
    _scanf_char_input                        0x08000bf1   Thumb Code    12  scanf_char.o(.text)
    .text                                    0x08000c18   Section        0  _sgetc.o(.text)
    .text                                    0x08000c58   Section        0  fepilogue.o(.text)
    .text                                    0x08000c58   Section        0  iusefp.o(.text)
    .text                                    0x08000cc6   Section        0  depilogue.o(.text)
    .text                                    0x08000d7c   Section        0  dscalb.o(.text)
    .text                                    0x08000daa   Section        0  dfltul.o(.text)
    .text                                    0x08000dc2   Section        0  dfixul.o(.text)
    .text                                    0x08000df4   Section       36  init.o(.text)
    .text                                    0x08000e18   Section        0  isspace_c.o(.text)
    .text                                    0x08000e24   Section        0  _scanf.o(.text)
    .text                                    0x0800114c   Section        0  dsqrt.o(.text)
    .text                                    0x080011f0   Section        0  ctype_c.o(.text)
    i.ADC_Cmd                                0x08001218   Section        0  stm32f10x_adc.o(i.ADC_Cmd)
    i.ADC_GetCalibrationStatus               0x0800122e   Section        0  stm32f10x_adc.o(i.ADC_GetCalibrationStatus)
    i.ADC_GetConversionValue                 0x08001242   Section        0  stm32f10x_adc.o(i.ADC_GetConversionValue)
    i.ADC_GetFlagStatus                      0x0800124a   Section        0  stm32f10x_adc.o(i.ADC_GetFlagStatus)
    i.ADC_GetResetCalibrationStatus          0x0800125c   Section        0  stm32f10x_adc.o(i.ADC_GetResetCalibrationStatus)
    i.ADC_GetValue                           0x08001270   Section        0  adcx.o(i.ADC_GetValue)
    i.ADC_Init                               0x080012a4   Section        0  stm32f10x_adc.o(i.ADC_Init)
    i.ADC_RegularChannelConfig               0x080012f4   Section        0  stm32f10x_adc.o(i.ADC_RegularChannelConfig)
    i.ADC_ResetCalibration                   0x080013ac   Section        0  stm32f10x_adc.o(i.ADC_ResetCalibration)
    i.ADC_SoftwareStartConvCmd               0x080013b6   Section        0  stm32f10x_adc.o(i.ADC_SoftwareStartConvCmd)
    i.ADC_StartCalibration                   0x080013cc   Section        0  stm32f10x_adc.o(i.ADC_StartCalibration)
    i.ADCx_Init                              0x080013d8   Section        0  adcx.o(i.ADCx_Init)
    i.BusFault_Handler                       0x08001444   Section        0  stm32f10x_it.o(i.BusFault_Handler)
    i.DebugMon_Handler                       0x08001448   Section        0  stm32f10x_it.o(i.DebugMon_Handler)
    i.Delay_ms                               0x0800144a   Section        0  delay.o(i.Delay_ms)
    i.Delay_us                               0x08001462   Section        0  delay.o(i.Delay_us)
    i.GPIO_Init                              0x08001490   Section        0  stm32f10x_gpio.o(i.GPIO_Init)
    i.GPIO_ReadInputDataBit                  0x080015a6   Section        0  stm32f10x_gpio.o(i.GPIO_ReadInputDataBit)
    i.GPIO_ResetBits                         0x080015b8   Section        0  stm32f10x_gpio.o(i.GPIO_ResetBits)
    i.GPIO_SetBits                           0x080015bc   Section        0  stm32f10x_gpio.o(i.GPIO_SetBits)
    i.GPIO_WriteBit                          0x080015c0   Section        0  stm32f10x_gpio.o(i.GPIO_WriteBit)
    i.HardFault_Handler                      0x080015ca   Section        0  stm32f10x_it.o(i.HardFault_Handler)
    i.I2C_ReadByte                           0x080015ce   Section        0  i2c.o(i.I2C_ReadByte)
    i.I2C_WriteByte                          0x08001638   Section        0  i2c.o(i.I2C_WriteByte)
    i.IIC_Ack                                0x08001694   Section        0  i2c.o(i.IIC_Ack)
    i.IIC_Init                               0x080016d0   Section        0  i2c.o(i.IIC_Init)
    i.IIC_NAck                               0x08001710   Section        0  i2c.o(i.IIC_NAck)
    i.IIC_RecvByte                           0x0800174c   Section        0  i2c.o(i.IIC_RecvByte)
    i.IIC_SendByte                           0x080017a4   Section        0  i2c.o(i.IIC_SendByte)
    i.IIC_SpeedCtl                           0x08001804   Section        0  i2c.o(i.IIC_SpeedCtl)
    i.IIC_Start                              0x08001810   Section        0  i2c.o(i.IIC_Start)
    i.IIC_Stop                               0x0800184c   Section        0  i2c.o(i.IIC_Stop)
    i.IIC_WaitAck                            0x08001888   Section        0  i2c.o(i.IIC_WaitAck)
    i.MQ2_ADC_Read                           0x08001900   Section        0  mq_2.o(i.MQ2_ADC_Read)
    i.MQ2_GetData                            0x0800190c   Section        0  mq_2.o(i.MQ2_GetData)
    i.MQ2_GetData_PPM                        0x08001934   Section        0  mq_2.o(i.MQ2_GetData_PPM)
    i.MQ2_Init                               0x08001a20   Section        0  mq_2.o(i.MQ2_Init)
    i.MemManage_Handler                      0x08001a48   Section        0  stm32f10x_it.o(i.MemManage_Handler)
    i.NMI_Handler                            0x08001a4c   Section        0  stm32f10x_it.o(i.NMI_Handler)
    i.NVIC_Init                              0x08001a50   Section        0  misc.o(i.NVIC_Init)
    i.NVIC_PriorityGroupConfig               0x08001ac0   Section        0  misc.o(i.NVIC_PriorityGroupConfig)
    i.PendSV_Handler                         0x08001ad4   Section        0  stm32f10x_it.o(i.PendSV_Handler)
    i.RCC_ADCCLKConfig                       0x08001ad8   Section        0  stm32f10x_rcc.o(i.RCC_ADCCLKConfig)
    i.RCC_APB1PeriphClockCmd                 0x08001af0   Section        0  stm32f10x_rcc.o(i.RCC_APB1PeriphClockCmd)
    i.RCC_APB1PeriphResetCmd                 0x08001b10   Section        0  stm32f10x_rcc.o(i.RCC_APB1PeriphResetCmd)
    i.RCC_APB2PeriphClockCmd                 0x08001b30   Section        0  stm32f10x_rcc.o(i.RCC_APB2PeriphClockCmd)
    i.RCC_APB2PeriphResetCmd                 0x08001b50   Section        0  stm32f10x_rcc.o(i.RCC_APB2PeriphResetCmd)
    i.RCC_GetClocksFreq                      0x08001b70   Section        0  stm32f10x_rcc.o(i.RCC_GetClocksFreq)
    i.SHT20_GetValue                         0x08001c44   Section        0  sht_20.o(i.SHT20_GetValue)
    i.SHT20_read_user_reg                    0x08001cb4   Section        0  sht_20.o(i.SHT20_read_user_reg)
    i.SHT20_reset                            0x08001cca   Section        0  sht_20.o(i.SHT20_reset)
    i.SHT2x_CalcRH                           0x08001cd8   Section        0  sht_20.o(i.SHT2x_CalcRH)
    i.SHT2x_CalcTemperatureC                 0x08001d20   Section        0  sht_20.o(i.SHT2x_CalcTemperatureC)
    i.SHT2x_CheckCrc                         0x08001d6c   Section        0  sht_20.o(i.SHT2x_CheckCrc)
    i.SHT2x_MeasureHM                        0x08001db6   Section        0  sht_20.o(i.SHT2x_MeasureHM)
    i.SVC_Handler                            0x08001e86   Section        0  stm32f10x_it.o(i.SVC_Handler)
    i.Sensor_Json_Data                       0x08001e88   Section        0  json_transmit.o(i.Sensor_Json_Data)
    i.SetSysClock                            0x08001fe8   Section        0  system_stm32f10x.o(i.SetSysClock)
    SetSysClock                              0x08001fe9   Thumb Code     8  system_stm32f10x.o(i.SetSysClock)
    i.SetSysClockTo72                        0x08001ff0   Section        0  system_stm32f10x.o(i.SetSysClockTo72)
    SetSysClockTo72                          0x08001ff1   Thumb Code   214  system_stm32f10x.o(i.SetSysClockTo72)
    i.SysTick_Handler                        0x080020d0   Section        0  stm32f10x_it.o(i.SysTick_Handler)
    i.SystemInit                             0x080020d4   Section        0  system_stm32f10x.o(i.SystemInit)
    i.USART1_IRQHandler                      0x08002134   Section        0  usart_1.o(i.USART1_IRQHandler)
    i.USART2_IRQHandler                      0x08002138   Section        0  wifi.o(i.USART2_IRQHandler)
    i.USART_ClearFlag                        0x08002188   Section        0  stm32f10x_usart.o(i.USART_ClearFlag)
    i.USART_ClearITPendingBit                0x0800219a   Section        0  stm32f10x_usart.o(i.USART_ClearITPendingBit)
    i.USART_Cmd                              0x080021b8   Section        0  stm32f10x_usart.o(i.USART_Cmd)
    i.USART_DeInit                           0x080021d0   Section        0  stm32f10x_usart.o(i.USART_DeInit)
    i.USART_GetITStatus                      0x0800226c   Section        0  stm32f10x_usart.o(i.USART_GetITStatus)
    i.USART_ITConfig                         0x080022c0   Section        0  stm32f10x_usart.o(i.USART_ITConfig)
    i.USART_Init                             0x0800230c   Section        0  stm32f10x_usart.o(i.USART_Init)
    i.USART_ReceiveData                      0x080023e4   Section        0  stm32f10x_usart.o(i.USART_ReceiveData)
    i.UsageFault_Handler                     0x080023ee   Section        0  stm32f10x_it.o(i.UsageFault_Handler)
    i.Usart1_Init                            0x080023f4   Section        0  usart_1.o(i.Usart1_Init)
    i.Usart1_printf                          0x080024b0   Section        0  usart_1.o(i.Usart1_printf)
    i.Usart2_Init                            0x0800250c   Section        0  usart_2.o(i.Usart2_Init)
    i.Usart2_printf                          0x080025c4   Section        0  usart_2.o(i.Usart2_printf)
    i.WiFi_Connect_IoTServer                 0x08002620   Section        0  wifi.o(i.WiFi_Connect_IoTServer)
    i.WiFi_Connect_Server                    0x08002998   Section        0  wifi.o(i.WiFi_Connect_Server)
    i.WiFi_JoinAP                            0x08002b08   Section        0  wifi.o(i.WiFi_JoinAP)
    i.WiFi_ResetIO_Init                      0x08002ba8   Section        0  wifi.o(i.WiFi_ResetIO_Init)
    i.WiFi_SendCmd                           0x08002bdc   Section        0  wifi.o(i.WiFi_SendCmd)
    i.__0sprintf                             0x08002c88   Section        0  printfa.o(i.__0sprintf)
    i.__0vsprintf                            0x08002cb0   Section        0  printfa.o(i.__0vsprintf)
    i.__ARM_fpclassify                       0x08002cd4   Section        0  fpclassify.o(i.__ARM_fpclassify)
    i.__free$realloc                         0x08002cfc   Section        0  mallocr.o(i.__free$realloc)
    i.__kernel_poly                          0x08002d58   Section        0  poly.o(i.__kernel_poly)
    i.__malloc$realloc                       0x08002e04   Section        0  mallocr.o(i.__malloc$realloc)
    i.__mathlib_dbl_underflow                0x08002e54   Section        0  dunder.o(i.__mathlib_dbl_underflow)
    i.__scatterload_copy                     0x08002e64   Section       14  handlers.o(i.__scatterload_copy)
    i.__scatterload_null                     0x08002e72   Section        2  handlers.o(i.__scatterload_null)
    i.__scatterload_zeroinit                 0x08002e74   Section       14  handlers.o(i.__scatterload_zeroinit)
    i.__set_errno                            0x08002e84   Section        0  errno.o(i.__set_errno)
    i._fp_digits                             0x08002e90   Section        0  printfa.o(i._fp_digits)
    _fp_digits                               0x08002e91   Thumb Code   334  printfa.o(i._fp_digits)
    i._is_digit                              0x08002ff4   Section        0  scanf_fp.o(i._is_digit)
    i._printf_core                           0x08003004   Section        0  printfa.o(i._printf_core)
    _printf_core                             0x08003005   Thumb Code  1744  printfa.o(i._printf_core)
    i._printf_post_padding                   0x080036e0   Section        0  printfa.o(i._printf_post_padding)
    _printf_post_padding                     0x080036e1   Thumb Code    36  printfa.o(i._printf_post_padding)
    i._printf_pre_padding                    0x08003704   Section        0  printfa.o(i._printf_pre_padding)
    _printf_pre_padding                      0x08003705   Thumb Code    46  printfa.o(i._printf_pre_padding)
    i._sputc                                 0x08003732   Section        0  printfa.o(i._sputc)
    _sputc                                   0x08003733   Thumb Code    10  printfa.o(i._sputc)
    i.add_item_to_array                      0x0800373c   Section        0  cjson.o(i.add_item_to_array)
    add_item_to_array                        0x0800373d   Thumb Code    54  cjson.o(i.add_item_to_array)
    i.add_item_to_object                     0x08003772   Section        0  cjson.o(i.add_item_to_object)
    add_item_to_object                       0x08003773   Thumb Code   122  cjson.o(i.add_item_to_object)
    i.cJSON_AddNumberToObject                0x080037ec   Section        0  cjson.o(i.cJSON_AddNumberToObject)
    i.cJSON_CreateNumber                     0x08003828   Section        0  cjson.o(i.cJSON_CreateNumber)
    i.cJSON_CreateObject                     0x0800388c   Section        0  cjson.o(i.cJSON_CreateObject)
    i.cJSON_Delete                           0x080038a4   Section        0  cjson.o(i.cJSON_Delete)
    i.cJSON_New_Item                         0x08003904   Section        0  cjson.o(i.cJSON_New_Item)
    cJSON_New_Item                           0x08003905   Thumb Code    26  cjson.o(i.cJSON_New_Item)
    i.cJSON_PrintUnformatted                 0x08003920   Section        0  cjson.o(i.cJSON_PrintUnformatted)
    i.cJSON_strdup                           0x08003934   Section        0  cjson.o(i.cJSON_strdup)
    cJSON_strdup                             0x08003935   Thumb Code    56  cjson.o(i.cJSON_strdup)
    i.cast_away_const                        0x0800396c   Section        0  cjson.o(i.cast_away_const)
    cast_away_const                          0x0800396d   Thumb Code     2  cjson.o(i.cast_away_const)
    i.compare_double                         0x08003970   Section        0  cjson.o(i.compare_double)
    compare_double                           0x08003971   Thumb Code   112  cjson.o(i.compare_double)
    i.ensure                                 0x080039e4   Section        0  cjson.o(i.ensure)
    ensure                                   0x080039e5   Thumb Code   184  cjson.o(i.ensure)
    i.get_decimal_point                      0x08003a9c   Section        0  cjson.o(i.get_decimal_point)
    get_decimal_point                        0x08003a9d   Thumb Code     4  cjson.o(i.get_decimal_point)
    i.internal_alloc                         0x08003aa0   Section        0  mallocr.o(i.internal_alloc)
    internal_alloc                           0x08003aa1   Thumb Code    76  mallocr.o(i.internal_alloc)
    i.main                                   0x08003af0   Section        0  main.o(i.main)
    i.pow                                    0x08003c18   Section        0  pow.o(i.pow)
    i.print                                  0x080045f8   Section        0  cjson.o(i.print)
    print                                    0x080045f9   Thumb Code   188  cjson.o(i.print)
    i.print_array                            0x080046b4   Section        0  cjson.o(i.print_array)
    print_array                              0x080046b5   Thumb Code   178  cjson.o(i.print_array)
    i.print_number                           0x08004768   Section        0  cjson.o(i.print_number)
    print_number                             0x08004769   Thumb Code   304  cjson.o(i.print_number)
    i.print_object                           0x080048bc   Section        0  cjson.o(i.print_object)
    print_object                             0x080048bd   Thumb Code   372  cjson.o(i.print_object)
    i.print_string                           0x08004a30   Section        0  cjson.o(i.print_string)
    print_string                             0x08004a31   Thumb Code    16  cjson.o(i.print_string)
    i.print_string_ptr                       0x08004a40   Section        0  cjson.o(i.print_string_ptr)
    print_string_ptr                         0x08004a41   Thumb Code   360  cjson.o(i.print_string_ptr)
    i.print_value                            0x08004bb4   Section        0  cjson.o(i.print_value)
    print_value                              0x08004bb5   Thumb Code   236  cjson.o(i.print_value)
    i.realloc                                0x08004cb8   Section        0  mallocr.o(i.realloc)
    i.sqrt                                   0x08004d24   Section        0  sqrt.o(i.sqrt)
    i.suffix_object                          0x08004d70   Section        0  cjson.o(i.suffix_object)
    suffix_object                            0x08004d71   Thumb Code     6  cjson.o(i.suffix_object)
    i.update_offset                          0x08004d76   Section        0  cjson.o(i.update_offset)
    update_offset                            0x08004d77   Thumb Code    36  cjson.o(i.update_offset)
    .constdata                               0x08004da0   Section      136  pow.o(.constdata)
    bp                                       0x08004da0   Data          16  pow.o(.constdata)
    dp_h                                     0x08004db0   Data          16  pow.o(.constdata)
    dp_l                                     0x08004dc0   Data          16  pow.o(.constdata)
    L                                        0x08004dd0   Data          48  pow.o(.constdata)
    P                                        0x08004e00   Data          40  pow.o(.constdata)
    .constdata                               0x08004e28   Section        8  qnan.o(.constdata)
    .constdata                               0x08004e30   Section       64  ctype_c.o(.constdata)
    .data                                    0x20000000   Section       20  stm32f10x_rcc.o(.data)
    APBAHBPrescTable                         0x20000000   Data          16  stm32f10x_rcc.o(.data)
    ADCPrescTable                            0x20000010   Data           4  stm32f10x_rcc.o(.data)
    .data                                    0x20000014   Section        2  i2c.o(.data)
    .data                                    0x20000018   Section        8  usart_2.o(.data)
    .data                                    0x20000020   Section        8  sht_20.o(.data)
    .data                                    0x20000028   Section        1  wifi.o(.data)
    .data                                    0x2000002c   Section       20  cjson.o(.data)
    global_error                             0x2000002c   Data           8  cjson.o(.data)
    global_hooks                             0x20000034   Data          12  cjson.o(.data)
    .data                                    0x20000040   Section        8  main.o(.data)
    .data                                    0x20000048   Section        4  mvars.o(.data)
    .data                                    0x2000004c   Section        4  mvars.o(.data)
    .data                                    0x20000050   Section        4  errno.o(.data)
    _errno                                   0x20000050   Data           4  errno.o(.data)
    .bss                                     0x20000058   Section     2048  usart_1.o(.bss)
    .bss                                     0x20000858   Section     3072  usart_2.o(.bss)
    .bss                                     0x20001458   Section       44  main.o(.bss)
    HEAP                                     0x20001488   Section      512  startup_stm32f10x_md.o(HEAP)
    STACK                                    0x20001688   Section     1024  startup_stm32f10x_md.o(STACK)

    Global Symbols

    Symbol Name                              Value     Ov Type        Size  Object(Section)

    BuildAttributes$$THM_ISAv4$P$D$K$B$S$PE$A:L22UL41UL21$X:L11$S22US41US21$IEEE1$IW$USESV6$~STKCKD$USESV7$~SHL$OTIME$ROPI$IEEEX$EBA8$MICROLIB$REQ8$PRES8$EABIv2 0x00000000   Number         0  anon$$obj.o ABSOLUTE
    __ARM_use_no_argv                        0x00000000   Number         0  main.o ABSOLUTE
    _printf_a                                0x00000000   Number         0  stubs.o ABSOLUTE
    _printf_c                                0x00000000   Number         0  stubs.o ABSOLUTE
    _printf_charcount                        0x00000000   Number         0  stubs.o ABSOLUTE
    _printf_d                                0x00000000   Number         0  stubs.o ABSOLUTE
    _printf_e                                0x00000000   Number         0  stubs.o ABSOLUTE
    _printf_f                                0x00000000   Number         0  stubs.o ABSOLUTE
    _printf_flags                            0x00000000   Number         0  stubs.o ABSOLUTE
    _printf_fp_dec                           0x00000000   Number         0  stubs.o ABSOLUTE
    _printf_fp_hex                           0x00000000   Number         0  stubs.o ABSOLUTE
    _printf_g                                0x00000000   Number         0  stubs.o ABSOLUTE
    _printf_i                                0x00000000   Number         0  stubs.o ABSOLUTE
    _printf_int_dec                          0x00000000   Number         0  stubs.o ABSOLUTE
    _printf_l                                0x00000000   Number         0  stubs.o ABSOLUTE
    _printf_lc                               0x00000000   Number         0  stubs.o ABSOLUTE
    _printf_ll                               0x00000000   Number         0  stubs.o ABSOLUTE
    _printf_lld                              0x00000000   Number         0  stubs.o ABSOLUTE
    _printf_lli                              0x00000000   Number         0  stubs.o ABSOLUTE
    _printf_llo                              0x00000000   Number         0  stubs.o ABSOLUTE
    _printf_llu                              0x00000000   Number         0  stubs.o ABSOLUTE
    _printf_llx                              0x00000000   Number         0  stubs.o ABSOLUTE
    _printf_longlong_dec                     0x00000000   Number         0  stubs.o ABSOLUTE
    _printf_longlong_hex                     0x00000000   Number         0  stubs.o ABSOLUTE
    _printf_longlong_oct                     0x00000000   Number         0  stubs.o ABSOLUTE
    _printf_ls                               0x00000000   Number         0  stubs.o ABSOLUTE
    _printf_mbtowc                           0x00000000   Number         0  stubs.o ABSOLUTE
    _printf_n                                0x00000000   Number         0  stubs.o ABSOLUTE
    _printf_o                                0x00000000   Number         0  stubs.o ABSOLUTE
    _printf_p                                0x00000000   Number         0  stubs.o ABSOLUTE
    _printf_percent                          0x00000000   Number         0  stubs.o ABSOLUTE
    _printf_pre_padding                      0x00000000   Number         0  stubs.o ABSOLUTE
    _printf_return_value                     0x00000000   Number         0  stubs.o ABSOLUTE
    _printf_s                                0x00000000   Number         0  stubs.o ABSOLUTE
    _printf_sizespec                         0x00000000   Number         0  stubs.o ABSOLUTE
    _printf_str                              0x00000000   Number         0  stubs.o ABSOLUTE
    _printf_truncate_signed                  0x00000000   Number         0  stubs.o ABSOLUTE
    _printf_truncate_unsigned                0x00000000   Number         0  stubs.o ABSOLUTE
    _printf_u                                0x00000000   Number         0  stubs.o ABSOLUTE
    _printf_wc                               0x00000000   Number         0  stubs.o ABSOLUTE
    _printf_wctomb                           0x00000000   Number         0  stubs.o ABSOLUTE
    _printf_widthprec                        0x00000000   Number         0  stubs.o ABSOLUTE
    _printf_x                                0x00000000   Number         0  stubs.o ABSOLUTE
    __cpp_initialize__aeabi_                  - Undefined Weak Reference
    __cxa_finalize                            - Undefined Weak Reference
    __decompress                              - Undefined Weak Reference
    _clock_init                               - Undefined Weak Reference
    _microlib_exit                            - Undefined Weak Reference
    _scanf_int                                - Undefined Weak Reference
    _scanf_longlong                           - Undefined Weak Reference
    _scanf_string                             - Undefined Weak Reference
    __Vectors_Size                           0x000000ec   Number         0  startup_stm32f10x_md.o ABSOLUTE
    __Vectors                                0x08000000   Data           4  startup_stm32f10x_md.o(RESET)
    __Vectors_End                            0x080000ec   Data           0  startup_stm32f10x_md.o(RESET)
    __main                                   0x080000ed   Thumb Code     0  entry.o(.ARM.Collect$$$$00000000)
    _main_stk                                0x080000ed   Thumb Code     0  entry2.o(.ARM.Collect$$$$00000001)
    _main_scatterload                        0x080000f1   Thumb Code     0  entry5.o(.ARM.Collect$$$$00000004)
    __main_after_scatterload                 0x080000f5   Thumb Code     0  entry5.o(.ARM.Collect$$$$00000004)
    _main_clock                              0x080000f5   Thumb Code     0  entry7b.o(.ARM.Collect$$$$00000008)
    _main_cpp_init                           0x080000f5   Thumb Code     0  entry8b.o(.ARM.Collect$$$$0000000A)
    _main_init                               0x080000f5   Thumb Code     0  entry9a.o(.ARM.Collect$$$$0000000B)
    __rt_final_cpp                           0x080000fd   Thumb Code     0  entry10a.o(.ARM.Collect$$$$0000000D)
    __rt_final_exit                          0x080000fd   Thumb Code     0  entry11a.o(.ARM.Collect$$$$0000000F)
    Reset_Handler                            0x08000101   Thumb Code     8  startup_stm32f10x_md.o(.text)
    ADC1_2_IRQHandler                        0x0800011b   Thumb Code     0  startup_stm32f10x_md.o(.text)
    CAN1_RX1_IRQHandler                      0x0800011b   Thumb Code     0  startup_stm32f10x_md.o(.text)
    CAN1_SCE_IRQHandler                      0x0800011b   Thumb Code     0  startup_stm32f10x_md.o(.text)
    DMA1_Channel1_IRQHandler                 0x0800011b   Thumb Code     0  startup_stm32f10x_md.o(.text)
    DMA1_Channel2_IRQHandler                 0x0800011b   Thumb Code     0  startup_stm32f10x_md.o(.text)
    DMA1_Channel3_IRQHandler                 0x0800011b   Thumb Code     0  startup_stm32f10x_md.o(.text)
    DMA1_Channel4_IRQHandler                 0x0800011b   Thumb Code     0  startup_stm32f10x_md.o(.text)
    DMA1_Channel5_IRQHandler                 0x0800011b   Thumb Code     0  startup_stm32f10x_md.o(.text)
    DMA1_Channel6_IRQHandler                 0x0800011b   Thumb Code     0  startup_stm32f10x_md.o(.text)
    DMA1_Channel7_IRQHandler                 0x0800011b   Thumb Code     0  startup_stm32f10x_md.o(.text)
    EXTI0_IRQHandler                         0x0800011b   Thumb Code     0  startup_stm32f10x_md.o(.text)
    EXTI15_10_IRQHandler                     0x0800011b   Thumb Code     0  startup_stm32f10x_md.o(.text)
    EXTI1_IRQHandler                         0x0800011b   Thumb Code     0  startup_stm32f10x_md.o(.text)
    EXTI2_IRQHandler                         0x0800011b   Thumb Code     0  startup_stm32f10x_md.o(.text)
    EXTI3_IRQHandler                         0x0800011b   Thumb Code     0  startup_stm32f10x_md.o(.text)
    EXTI4_IRQHandler                         0x0800011b   Thumb Code     0  startup_stm32f10x_md.o(.text)
    EXTI9_5_IRQHandler                       0x0800011b   Thumb Code     0  startup_stm32f10x_md.o(.text)
    FLASH_IRQHandler                         0x0800011b   Thumb Code     0  startup_stm32f10x_md.o(.text)
    I2C1_ER_IRQHandler                       0x0800011b   Thumb Code     0  startup_stm32f10x_md.o(.text)
    I2C1_EV_IRQHandler                       0x0800011b   Thumb Code     0  startup_stm32f10x_md.o(.text)
    I2C2_ER_IRQHandler                       0x0800011b   Thumb Code     0  startup_stm32f10x_md.o(.text)
    I2C2_EV_IRQHandler                       0x0800011b   Thumb Code     0  startup_stm32f10x_md.o(.text)
    PVD_IRQHandler                           0x0800011b   Thumb Code     0  startup_stm32f10x_md.o(.text)
    RCC_IRQHandler                           0x0800011b   Thumb Code     0  startup_stm32f10x_md.o(.text)
    RTCAlarm_IRQHandler                      0x0800011b   Thumb Code     0  startup_stm32f10x_md.o(.text)
    RTC_IRQHandler                           0x0800011b   Thumb Code     0  startup_stm32f10x_md.o(.text)
    SPI1_IRQHandler                          0x0800011b   Thumb Code     0  startup_stm32f10x_md.o(.text)
    SPI2_IRQHandler                          0x0800011b   Thumb Code     0  startup_stm32f10x_md.o(.text)
    TAMPER_IRQHandler                        0x0800011b   Thumb Code     0  startup_stm32f10x_md.o(.text)
    TIM1_BRK_IRQHandler                      0x0800011b   Thumb Code     0  startup_stm32f10x_md.o(.text)
    TIM1_CC_IRQHandler                       0x0800011b   Thumb Code     0  startup_stm32f10x_md.o(.text)
    TIM1_TRG_COM_IRQHandler                  0x0800011b   Thumb Code     0  startup_stm32f10x_md.o(.text)
    TIM1_UP_IRQHandler                       0x0800011b   Thumb Code     0  startup_stm32f10x_md.o(.text)
    TIM2_IRQHandler                          0x0800011b   Thumb Code     0  startup_stm32f10x_md.o(.text)
    TIM3_IRQHandler                          0x0800011b   Thumb Code     0  startup_stm32f10x_md.o(.text)
    TIM4_IRQHandler                          0x0800011b   Thumb Code     0  startup_stm32f10x_md.o(.text)
    USART3_IRQHandler                        0x0800011b   Thumb Code     0  startup_stm32f10x_md.o(.text)
    USBWakeUp_IRQHandler                     0x0800011b   Thumb Code     0  startup_stm32f10x_md.o(.text)
    USB_HP_CAN1_TX_IRQHandler                0x0800011b   Thumb Code     0  startup_stm32f10x_md.o(.text)
    USB_LP_CAN1_RX0_IRQHandler               0x0800011b   Thumb Code     0  startup_stm32f10x_md.o(.text)
    WWDG_IRQHandler                          0x0800011b   Thumb Code     0  startup_stm32f10x_md.o(.text)
    __aeabi_memcpy                           0x08000125   Thumb Code    36  memcpya.o(.text)
    __aeabi_memcpy4                          0x08000125   Thumb Code     0  memcpya.o(.text)
    __aeabi_memcpy8                          0x08000125   Thumb Code     0  memcpya.o(.text)
    __aeabi_memset                           0x08000149   Thumb Code    14  memseta.o(.text)
    __aeabi_memset4                          0x08000149   Thumb Code     0  memseta.o(.text)
    __aeabi_memset8                          0x08000149   Thumb Code     0  memseta.o(.text)
    __aeabi_memclr                           0x08000157   Thumb Code     4  memseta.o(.text)
    __aeabi_memclr4                          0x08000157   Thumb Code     0  memseta.o(.text)
    __aeabi_memclr8                          0x08000157   Thumb Code     0  memseta.o(.text)
    _memset$wrapper                          0x0800015b   Thumb Code    18  memseta.o(.text)
    strstr                                   0x0800016d   Thumb Code    36  strstr.o(.text)
    strlen                                   0x08000191   Thumb Code    14  strlen.o(.text)
    strcpy                                   0x0800019f   Thumb Code    18  strcpy.o(.text)
    __0sscanf                                0x080001b1   Thumb Code    48  __0sscanf.o(.text)
    _scanf_real                              0x080002e9   Thumb Code     0  scanf_fp.o(.text)
    _scanf_really_real                       0x080002e9   Thumb Code   556  scanf_fp.o(.text)
    __aeabi_fadd                             0x08000521   Thumb Code   164  fadd.o(.text)
    __aeabi_fsub                             0x080005c5   Thumb Code     6  fadd.o(.text)
    __aeabi_frsub                            0x080005cb   Thumb Code     6  fadd.o(.text)
    __aeabi_fmul                             0x080005d1   Thumb Code   100  fmul.o(.text)
    __aeabi_fdiv                             0x08000635   Thumb Code   124  fdiv.o(.text)
    __aeabi_dadd                             0x080006b1   Thumb Code   322  dadd.o(.text)
    __aeabi_dsub                             0x080007f3   Thumb Code     6  dadd.o(.text)
    __aeabi_drsub                            0x080007f9   Thumb Code     6  dadd.o(.text)
    __aeabi_dmul                             0x080007ff   Thumb Code   228  dmul.o(.text)
    __aeabi_ddiv                             0x080008e3   Thumb Code   222  ddiv.o(.text)
    __aeabi_ui2f                             0x080009c1   Thumb Code    10  ffltui.o(.text)
    __aeabi_i2d                              0x080009cb   Thumb Code    34  dflti.o(.text)
    __aeabi_f2uiz                            0x080009ed   Thumb Code    40  ffixui.o(.text)
    __aeabi_d2iz                             0x08000a15   Thumb Code    62  dfixi.o(.text)
    __aeabi_f2d                              0x08000a53   Thumb Code    38  f2d.o(.text)
    __aeabi_cdcmpeq                          0x08000a79   Thumb Code     0  cdcmple.o(.text)
    __aeabi_cdcmple                          0x08000a79   Thumb Code    38  cdcmple.o(.text)
    __aeabi_cdrcmple                         0x08000aa1   Thumb Code    38  cdrcmple.o(.text)
    __aeabi_d2f                              0x08000ac9   Thumb Code    56  d2f.o(.text)
    __aeabi_uidiv                            0x08000b01   Thumb Code     0  uidiv.o(.text)
    __aeabi_uidivmod                         0x08000b01   Thumb Code    44  uidiv.o(.text)
    __aeabi_uldivmod                         0x08000b2d   Thumb Code    98  uldiv.o(.text)
    __aeabi_llsl                             0x08000b8f   Thumb Code    30  llshl.o(.text)
    _ll_shift_l                              0x08000b8f   Thumb Code     0  llshl.o(.text)
    __aeabi_llsr                             0x08000bad   Thumb Code    32  llushr.o(.text)
    _ll_ushift_r                             0x08000bad   Thumb Code     0  llushr.o(.text)
    __aeabi_lasr                             0x08000bcd   Thumb Code    36  llsshr.o(.text)
    _ll_sshift_r                             0x08000bcd   Thumb Code     0  llsshr.o(.text)
    __vfscanf_char                           0x08000bfd   Thumb Code    20  scanf_char.o(.text)
    _sgetc                                   0x08000c19   Thumb Code    30  _sgetc.o(.text)
    _sbackspace                              0x08000c37   Thumb Code    34  _sgetc.o(.text)
    __I$use$fp                               0x08000c59   Thumb Code     0  iusefp.o(.text)
    _float_round                             0x08000c59   Thumb Code    18  fepilogue.o(.text)
    _float_epilogue                          0x08000c6b   Thumb Code    92  fepilogue.o(.text)
    _double_round                            0x08000cc7   Thumb Code    26  depilogue.o(.text)
    _double_epilogue                         0x08000ce1   Thumb Code   156  depilogue.o(.text)
    __ARM_scalbn                             0x08000d7d   Thumb Code    46  dscalb.o(.text)
    scalbn                                   0x08000d7d   Thumb Code     0  dscalb.o(.text)
    __aeabi_ul2d                             0x08000dab   Thumb Code    24  dfltul.o(.text)
    __aeabi_d2ulz                            0x08000dc3   Thumb Code    48  dfixul.o(.text)
    __scatterload                            0x08000df5   Thumb Code    28  init.o(.text)
    __scatterload_rt2                        0x08000df5   Thumb Code     0  init.o(.text)
    isspace                                  0x08000e19   Thumb Code    10  isspace_c.o(.text)
    __vfscanf                                0x08000e25   Thumb Code   802  _scanf.o(.text)
    _dsqrt                                   0x0800114d   Thumb Code   162  dsqrt.o(.text)
    __ctype_lookup                           0x080011f1   Thumb Code    34  ctype_c.o(.text)
    ADC_Cmd                                  0x08001219   Thumb Code    22  stm32f10x_adc.o(i.ADC_Cmd)
    ADC_GetCalibrationStatus                 0x0800122f   Thumb Code    20  stm32f10x_adc.o(i.ADC_GetCalibrationStatus)
    ADC_GetConversionValue                   0x08001243   Thumb Code     8  stm32f10x_adc.o(i.ADC_GetConversionValue)
    ADC_GetFlagStatus                        0x0800124b   Thumb Code    18  stm32f10x_adc.o(i.ADC_GetFlagStatus)
    ADC_GetResetCalibrationStatus            0x0800125d   Thumb Code    20  stm32f10x_adc.o(i.ADC_GetResetCalibrationStatus)
    ADC_GetValue                             0x08001271   Thumb Code    48  adcx.o(i.ADC_GetValue)
    ADC_Init                                 0x080012a5   Thumb Code    70  stm32f10x_adc.o(i.ADC_Init)
    ADC_RegularChannelConfig                 0x080012f5   Thumb Code   184  stm32f10x_adc.o(i.ADC_RegularChannelConfig)
    ADC_ResetCalibration                     0x080013ad   Thumb Code    10  stm32f10x_adc.o(i.ADC_ResetCalibration)
    ADC_SoftwareStartConvCmd                 0x080013b7   Thumb Code    22  stm32f10x_adc.o(i.ADC_SoftwareStartConvCmd)
    ADC_StartCalibration                     0x080013cd   Thumb Code    10  stm32f10x_adc.o(i.ADC_StartCalibration)
    ADCx_Init                                0x080013d9   Thumb Code   104  adcx.o(i.ADCx_Init)
    BusFault_Handler                         0x08001445   Thumb Code     4  stm32f10x_it.o(i.BusFault_Handler)
    DebugMon_Handler                         0x08001449   Thumb Code     2  stm32f10x_it.o(i.DebugMon_Handler)
    Delay_ms                                 0x0800144b   Thumb Code    24  delay.o(i.Delay_ms)
    Delay_us                                 0x08001463   Thumb Code    46  delay.o(i.Delay_us)
    GPIO_Init                                0x08001491   Thumb Code   278  stm32f10x_gpio.o(i.GPIO_Init)
    GPIO_ReadInputDataBit                    0x080015a7   Thumb Code    18  stm32f10x_gpio.o(i.GPIO_ReadInputDataBit)
    GPIO_ResetBits                           0x080015b9   Thumb Code     4  stm32f10x_gpio.o(i.GPIO_ResetBits)
    GPIO_SetBits                             0x080015bd   Thumb Code     4  stm32f10x_gpio.o(i.GPIO_SetBits)
    GPIO_WriteBit                            0x080015c1   Thumb Code    10  stm32f10x_gpio.o(i.GPIO_WriteBit)
    HardFault_Handler                        0x080015cb   Thumb Code     4  stm32f10x_it.o(i.HardFault_Handler)
    I2C_ReadByte                             0x080015cf   Thumb Code   106  i2c.o(i.I2C_ReadByte)
    I2C_WriteByte                            0x08001639   Thumb Code    92  i2c.o(i.I2C_WriteByte)
    IIC_Ack                                  0x08001695   Thumb Code    52  i2c.o(i.IIC_Ack)
    IIC_Init                                 0x080016d1   Thumb Code    60  i2c.o(i.IIC_Init)
    IIC_NAck                                 0x08001711   Thumb Code    52  i2c.o(i.IIC_NAck)
    IIC_RecvByte                             0x0800174d   Thumb Code    78  i2c.o(i.IIC_RecvByte)
    IIC_SendByte                             0x080017a5   Thumb Code    86  i2c.o(i.IIC_SendByte)
    IIC_SpeedCtl                             0x08001805   Thumb Code     6  i2c.o(i.IIC_SpeedCtl)
    IIC_Start                                0x08001811   Thumb Code    52  i2c.o(i.IIC_Start)
    IIC_Stop                                 0x0800184d   Thumb Code    52  i2c.o(i.IIC_Stop)
    IIC_WaitAck                              0x08001889   Thumb Code    90  i2c.o(i.IIC_WaitAck)
    MQ2_ADC_Read                             0x08001901   Thumb Code    12  mq_2.o(i.MQ2_ADC_Read)
    MQ2_GetData                              0x0800190d   Thumb Code    38  mq_2.o(i.MQ2_GetData)
    MQ2_GetData_PPM                          0x08001935   Thumb Code   208  mq_2.o(i.MQ2_GetData_PPM)
    MQ2_Init                                 0x08001a21   Thumb Code    36  mq_2.o(i.MQ2_Init)
    MemManage_Handler                        0x08001a49   Thumb Code     4  stm32f10x_it.o(i.MemManage_Handler)
    NMI_Handler                              0x08001a4d   Thumb Code     2  stm32f10x_it.o(i.NMI_Handler)
    NVIC_Init                                0x08001a51   Thumb Code   100  misc.o(i.NVIC_Init)
    NVIC_PriorityGroupConfig                 0x08001ac1   Thumb Code    10  misc.o(i.NVIC_PriorityGroupConfig)
    PendSV_Handler                           0x08001ad5   Thumb Code     2  stm32f10x_it.o(i.PendSV_Handler)
    RCC_ADCCLKConfig                         0x08001ad9   Thumb Code    18  stm32f10x_rcc.o(i.RCC_ADCCLKConfig)
    RCC_APB1PeriphClockCmd                   0x08001af1   Thumb Code    26  stm32f10x_rcc.o(i.RCC_APB1PeriphClockCmd)
    RCC_APB1PeriphResetCmd                   0x08001b11   Thumb Code    26  stm32f10x_rcc.o(i.RCC_APB1PeriphResetCmd)
    RCC_APB2PeriphClockCmd                   0x08001b31   Thumb Code    26  stm32f10x_rcc.o(i.RCC_APB2PeriphClockCmd)
    RCC_APB2PeriphResetCmd                   0x08001b51   Thumb Code    26  stm32f10x_rcc.o(i.RCC_APB2PeriphResetCmd)
    RCC_GetClocksFreq                        0x08001b71   Thumb Code   192  stm32f10x_rcc.o(i.RCC_GetClocksFreq)
    SHT20_GetValue                           0x08001c45   Thumb Code   106  sht_20.o(i.SHT20_GetValue)
    SHT20_read_user_reg                      0x08001cb5   Thumb Code    22  sht_20.o(i.SHT20_read_user_reg)
    SHT20_reset                              0x08001ccb   Thumb Code    14  sht_20.o(i.SHT20_reset)
    SHT2x_CalcRH                             0x08001cd9   Thumb Code    60  sht_20.o(i.SHT2x_CalcRH)
    SHT2x_CalcTemperatureC                   0x08001d21   Thumb Code    60  sht_20.o(i.SHT2x_CalcTemperatureC)
    SHT2x_CheckCrc                           0x08001d6d   Thumb Code    74  sht_20.o(i.SHT2x_CheckCrc)
    SHT2x_MeasureHM                          0x08001db7   Thumb Code   208  sht_20.o(i.SHT2x_MeasureHM)
    SVC_Handler                              0x08001e87   Thumb Code     2  stm32f10x_it.o(i.SVC_Handler)
    Sensor_Json_Data                         0x08001e89   Thumb Code   172  json_transmit.o(i.Sensor_Json_Data)
    SysTick_Handler                          0x080020d1   Thumb Code     2  stm32f10x_it.o(i.SysTick_Handler)
    SystemInit                               0x080020d5   Thumb Code    78  system_stm32f10x.o(i.SystemInit)
    USART1_IRQHandler                        0x08002135   Thumb Code     2  usart_1.o(i.USART1_IRQHandler)
    USART2_IRQHandler                        0x08002139   Thumb Code    66  wifi.o(i.USART2_IRQHandler)
    USART_ClearFlag                          0x08002189   Thumb Code    18  stm32f10x_usart.o(i.USART_ClearFlag)
    USART_ClearITPendingBit                  0x0800219b   Thumb Code    30  stm32f10x_usart.o(i.USART_ClearITPendingBit)
    USART_Cmd                                0x080021b9   Thumb Code    24  stm32f10x_usart.o(i.USART_Cmd)
    USART_DeInit                             0x080021d1   Thumb Code   134  stm32f10x_usart.o(i.USART_DeInit)
    USART_GetITStatus                        0x0800226d   Thumb Code    84  stm32f10x_usart.o(i.USART_GetITStatus)
    USART_ITConfig                           0x080022c1   Thumb Code    74  stm32f10x_usart.o(i.USART_ITConfig)
    USART_Init                               0x0800230d   Thumb Code   210  stm32f10x_usart.o(i.USART_Init)
    USART_ReceiveData                        0x080023e5   Thumb Code    10  stm32f10x_usart.o(i.USART_ReceiveData)
    UsageFault_Handler                       0x080023ef   Thumb Code     4  stm32f10x_it.o(i.UsageFault_Handler)
    Usart1_Init                              0x080023f5   Thumb Code   180  usart_1.o(i.Usart1_Init)
    Usart1_printf                            0x080024b1   Thumb Code    84  usart_1.o(i.Usart1_printf)
    Usart2_Init                              0x0800250d   Thumb Code   176  usart_2.o(i.Usart2_Init)
    Usart2_printf                            0x080025c5   Thumb Code    84  usart_2.o(i.Usart2_printf)
    WiFi_Connect_IoTServer                   0x08002621   Thumb Code   228  wifi.o(i.WiFi_Connect_IoTServer)
    WiFi_Connect_Server                      0x08002999   Thumb Code   194  wifi.o(i.WiFi_Connect_Server)
    WiFi_JoinAP                              0x08002b09   Thumb Code    96  wifi.o(i.WiFi_JoinAP)
    WiFi_ResetIO_Init                        0x08002ba9   Thumb Code    46  wifi.o(i.WiFi_ResetIO_Init)
    WiFi_SendCmd                             0x08002bdd   Thumb Code   130  wifi.o(i.WiFi_SendCmd)
    __0sprintf                               0x08002c89   Thumb Code    34  printfa.o(i.__0sprintf)
    __1sprintf                               0x08002c89   Thumb Code     0  printfa.o(i.__0sprintf)
    __2sprintf                               0x08002c89   Thumb Code     0  printfa.o(i.__0sprintf)
    __c89sprintf                             0x08002c89   Thumb Code     0  printfa.o(i.__0sprintf)
    sprintf                                  0x08002c89   Thumb Code     0  printfa.o(i.__0sprintf)
    __0vsprintf                              0x08002cb1   Thumb Code    30  printfa.o(i.__0vsprintf)
    __1vsprintf                              0x08002cb1   Thumb Code     0  printfa.o(i.__0vsprintf)
    __2vsprintf                              0x08002cb1   Thumb Code     0  printfa.o(i.__0vsprintf)
    __c89vsprintf                            0x08002cb1   Thumb Code     0  printfa.o(i.__0vsprintf)
    vsprintf                                 0x08002cb1   Thumb Code     0  printfa.o(i.__0vsprintf)
    __ARM_fpclassify                         0x08002cd5   Thumb Code    40  fpclassify.o(i.__ARM_fpclassify)
    free                                     0x08002cfd   Thumb Code    88  mallocr.o(i.__free$realloc)
    __kernel_poly                            0x08002d59   Thumb Code   170  poly.o(i.__kernel_poly)
    malloc                                   0x08002e05   Thumb Code    64  mallocr.o(i.__malloc$realloc)
    __mathlib_dbl_underflow                  0x08002e55   Thumb Code    10  dunder.o(i.__mathlib_dbl_underflow)
    __scatterload_copy                       0x08002e65   Thumb Code    14  handlers.o(i.__scatterload_copy)
    __scatterload_null                       0x08002e73   Thumb Code     2  handlers.o(i.__scatterload_null)
    __scatterload_zeroinit                   0x08002e75   Thumb Code    14  handlers.o(i.__scatterload_zeroinit)
    __set_errno                              0x08002e85   Thumb Code     6  errno.o(i.__set_errno)
    _is_digit                                0x08002ff5   Thumb Code    14  scanf_fp.o(i._is_digit)
    cJSON_AddNumberToObject                  0x080037ed   Thumb Code    56  cjson.o(i.cJSON_AddNumberToObject)
    cJSON_CreateNumber                       0x08003829   Thumb Code    82  cjson.o(i.cJSON_CreateNumber)
    cJSON_CreateObject                       0x0800388d   Thumb Code    20  cjson.o(i.cJSON_CreateObject)
    cJSON_Delete                             0x080038a5   Thumb Code    92  cjson.o(i.cJSON_Delete)
    cJSON_PrintUnformatted                   0x08003921   Thumb Code    16  cjson.o(i.cJSON_PrintUnformatted)
    main                                     0x08003af1   Thumb Code   188  main.o(i.main)
    pow                                      0x08003c19   Thumb Code  2510  pow.o(i.pow)
    realloc                                  0x08004cb9   Thumb Code   102  mallocr.o(i.realloc)
    sqrt                                     0x08004d25   Thumb Code    76  sqrt.o(i.sqrt)
    __mathlib_zero                           0x08004e28   Data           8  qnan.o(.constdata)
    __ctype_categories                       0x08004e30   Data          64  ctype_c.o(.constdata)
    Region$$Table$$Base                      0x08004e70   Number         0  anon$$obj.o(Region$$Table)
    Region$$Table$$Limit                     0x08004e90   Number         0  anon$$obj.o(Region$$Table)
    iic_info                                 0x20000014   Data           2  i2c.o(.data)
    Usart2_RxCompleted                       0x20000018   Data           1  usart_2.o(.data)
    Usart2_RxCounter                         0x2000001c   Data           4  usart_2.o(.data)
    sht20_info                               0x20000020   Data           8  sht_20.o(.data)
    wifi_mode                                0x20000028   Data           1  wifi.o(.data)
    value                                    0x20000040   Data           2  main.o(.data)
    ppm                                      0x20000044   Data           4  main.o(.data)
    __microlib_freelist                      0x20000048   Data           4  mvars.o(.data)
    __microlib_freelist_initialised          0x2000004c   Data           4  mvars.o(.data)
    Usart1_RxBuff                            0x20000058   Data        1024  usart_1.o(.bss)
    Usart1_TxBuff                            0x20000458   Data        1024  usart_1.o(.bss)
    Usart2_RxBuff                            0x20000858   Data        2048  usart_2.o(.bss)
    Usart2_TxBuff                            0x20001058   Data        1024  usart_2.o(.bss)
    buff                                     0x20001458   Data          30  main.o(.bss)
    sensor_data                              0x20001478   Data          12  main.o(.bss)
    __heap_base                              0x20001488   Data           0  startup_stm32f10x_md.o(HEAP)
    __heap_limit                             0x20001688   Data           0  startup_stm32f10x_md.o(HEAP)
    __initial_sp                             0x20001a88   Data           0  startup_stm32f10x_md.o(STACK)



==============================================================================

Memory Map of the image

  Image Entry point : 0x080000ed

  Load Region LR_IROM1 (Base: 0x08000000, Size: 0x00004ee4, Max: 0x00010000, ABSOLUTE)

    Execution Region ER_IROM1 (Exec base: 0x08000000, Load base: 0x08000000, Size: 0x00004e90, Max: 0x00010000, ABSOLUTE)

    Exec Addr    Load Addr    Size         Type   Attr      Idx    E Section Name        Object

    0x08000000   0x08000000   0x000000ec   Data   RO            3    RESET               startup_stm32f10x_md.o
    0x080000ec   0x080000ec   0x00000000   Code   RO         4667  * .ARM.Collect$$$$00000000  mc_w.l(entry.o)
    0x080000ec   0x080000ec   0x00000004   Code   RO         5026    .ARM.Collect$$$$00000001  mc_w.l(entry2.o)
    0x080000f0   0x080000f0   0x00000004   Code   RO         5029    .ARM.Collect$$$$00000004  mc_w.l(entry5.o)
    0x080000f4   0x080000f4   0x00000000   Code   RO         5031    .ARM.Collect$$$$00000008  mc_w.l(entry7b.o)
    0x080000f4   0x080000f4   0x00000000   Code   RO         5033    .ARM.Collect$$$$0000000A  mc_w.l(entry8b.o)
    0x080000f4   0x080000f4   0x00000008   Code   RO         5034    .ARM.Collect$$$$0000000B  mc_w.l(entry9a.o)
    0x080000fc   0x080000fc   0x00000000   Code   RO         5036    .ARM.Collect$$$$0000000D  mc_w.l(entry10a.o)
    0x080000fc   0x080000fc   0x00000000   Code   RO         5038    .ARM.Collect$$$$0000000F  mc_w.l(entry11a.o)
    0x080000fc   0x080000fc   0x00000004   Code   RO         5027    .ARM.Collect$$$$00002712  mc_w.l(entry2.o)
    0x08000100   0x08000100   0x00000024   Code   RO            4    .text               startup_stm32f10x_md.o
    0x08000124   0x08000124   0x00000024   Code   RO         4672    .text               mc_w.l(memcpya.o)
    0x08000148   0x08000148   0x00000024   Code   RO         4674    .text               mc_w.l(memseta.o)
    0x0800016c   0x0800016c   0x00000024   Code   RO         4676    .text               mc_w.l(strstr.o)
    0x08000190   0x08000190   0x0000000e   Code   RO         4678    .text               mc_w.l(strlen.o)
    0x0800019e   0x0800019e   0x00000012   Code   RO         4682    .text               mc_w.l(strcpy.o)
    0x080001b0   0x080001b0   0x00000038   Code   RO         4977    .text               mc_w.l(__0sscanf.o)
    0x080001e8   0x080001e8   0x00000338   Code   RO         4979    .text               mc_w.l(scanf_fp.o)
    0x08000520   0x08000520   0x000000b0   Code   RO         4983    .text               mf_w.l(fadd.o)
    0x080005d0   0x080005d0   0x00000064   Code   RO         4985    .text               mf_w.l(fmul.o)
    0x08000634   0x08000634   0x0000007c   Code   RO         4987    .text               mf_w.l(fdiv.o)
    0x080006b0   0x080006b0   0x0000014e   Code   RO         4989    .text               mf_w.l(dadd.o)
    0x080007fe   0x080007fe   0x000000e4   Code   RO         4991    .text               mf_w.l(dmul.o)
    0x080008e2   0x080008e2   0x000000de   Code   RO         4993    .text               mf_w.l(ddiv.o)
    0x080009c0   0x080009c0   0x0000000a   Code   RO         4995    .text               mf_w.l(ffltui.o)
    0x080009ca   0x080009ca   0x00000022   Code   RO         4997    .text               mf_w.l(dflti.o)
    0x080009ec   0x080009ec   0x00000028   Code   RO         4999    .text               mf_w.l(ffixui.o)
    0x08000a14   0x08000a14   0x0000003e   Code   RO         5001    .text               mf_w.l(dfixi.o)
    0x08000a52   0x08000a52   0x00000026   Code   RO         5003    .text               mf_w.l(f2d.o)
    0x08000a78   0x08000a78   0x00000028   Code   RO         5005    .text               mf_w.l(cdcmple.o)
    0x08000aa0   0x08000aa0   0x00000028   Code   RO         5007    .text               mf_w.l(cdrcmple.o)
    0x08000ac8   0x08000ac8   0x00000038   Code   RO         5009    .text               mf_w.l(d2f.o)
    0x08000b00   0x08000b00   0x0000002c   Code   RO         5043    .text               mc_w.l(uidiv.o)
    0x08000b2c   0x08000b2c   0x00000062   Code   RO         5045    .text               mc_w.l(uldiv.o)
    0x08000b8e   0x08000b8e   0x0000001e   Code   RO         5047    .text               mc_w.l(llshl.o)
    0x08000bac   0x08000bac   0x00000020   Code   RO         5049    .text               mc_w.l(llushr.o)
    0x08000bcc   0x08000bcc   0x00000024   Code   RO         5051    .text               mc_w.l(llsshr.o)
    0x08000bf0   0x08000bf0   0x00000028   Code   RO         5062    .text               mc_w.l(scanf_char.o)
    0x08000c18   0x08000c18   0x00000040   Code   RO         5064    .text               mc_w.l(_sgetc.o)
    0x08000c58   0x08000c58   0x00000000   Code   RO         5068    .text               mc_w.l(iusefp.o)
    0x08000c58   0x08000c58   0x0000006e   Code   RO         5069    .text               mf_w.l(fepilogue.o)
    0x08000cc6   0x08000cc6   0x000000b6   Code   RO         5071    .text               mf_w.l(depilogue.o)
    0x08000d7c   0x08000d7c   0x0000002e   Code   RO         5073    .text               mf_w.l(dscalb.o)
    0x08000daa   0x08000daa   0x00000018   Code   RO         5075    .text               mf_w.l(dfltul.o)
    0x08000dc2   0x08000dc2   0x00000030   Code   RO         5077    .text               mf_w.l(dfixul.o)
    0x08000df2   0x08000df2   0x00000002   PAD
    0x08000df4   0x08000df4   0x00000024   Code   RO         5079    .text               mc_w.l(init.o)
    0x08000e18   0x08000e18   0x0000000a   Code   RO         5082    .text               mc_w.l(isspace_c.o)
    0x08000e22   0x08000e22   0x00000002   PAD
    0x08000e24   0x08000e24   0x00000328   Code   RO         5084    .text               mc_w.l(_scanf.o)
    0x0800114c   0x0800114c   0x000000a2   Code   RO         5087    .text               mf_w.l(dsqrt.o)
    0x080011ee   0x080011ee   0x00000002   PAD
    0x080011f0   0x080011f0   0x00000028   Code   RO         5089    .text               mc_w.l(ctype_c.o)
    0x08001218   0x08001218   0x00000016   Code   RO          202    i.ADC_Cmd           stm32f10x_adc.o
    0x0800122e   0x0800122e   0x00000014   Code   RO          210    i.ADC_GetCalibrationStatus  stm32f10x_adc.o
    0x08001242   0x08001242   0x00000008   Code   RO          211    i.ADC_GetConversionValue  stm32f10x_adc.o
    0x0800124a   0x0800124a   0x00000012   Code   RO          213    i.ADC_GetFlagStatus  stm32f10x_adc.o
    0x0800125c   0x0800125c   0x00000014   Code   RO          216    i.ADC_GetResetCalibrationStatus  stm32f10x_adc.o
    0x08001270   0x08001270   0x00000034   Code   RO         3708    i.ADC_GetValue      adcx.o
    0x080012a4   0x080012a4   0x00000050   Code   RO          220    i.ADC_Init          stm32f10x_adc.o
    0x080012f4   0x080012f4   0x000000b8   Code   RO          224    i.ADC_RegularChannelConfig  stm32f10x_adc.o
    0x080013ac   0x080013ac   0x0000000a   Code   RO          225    i.ADC_ResetCalibration  stm32f10x_adc.o
    0x080013b6   0x080013b6   0x00000016   Code   RO          227    i.ADC_SoftwareStartConvCmd  stm32f10x_adc.o
    0x080013cc   0x080013cc   0x0000000a   Code   RO          229    i.ADC_StartCalibration  stm32f10x_adc.o
    0x080013d6   0x080013d6   0x00000002   PAD
    0x080013d8   0x080013d8   0x0000006c   Code   RO         3709    i.ADCx_Init         adcx.o
    0x08001444   0x08001444   0x00000004   Code   RO         4590    i.BusFault_Handler  stm32f10x_it.o
    0x08001448   0x08001448   0x00000002   Code   RO         4591    i.DebugMon_Handler  stm32f10x_it.o
    0x0800144a   0x0800144a   0x00000018   Code   RO         3196    i.Delay_ms          delay.o
    0x08001462   0x08001462   0x0000002e   Code   RO         3198    i.Delay_us          delay.o
    0x08001490   0x08001490   0x00000116   Code   RO         1347    i.GPIO_Init         stm32f10x_gpio.o
    0x080015a6   0x080015a6   0x00000012   Code   RO         1351    i.GPIO_ReadInputDataBit  stm32f10x_gpio.o
    0x080015b8   0x080015b8   0x00000004   Code   RO         1354    i.GPIO_ResetBits    stm32f10x_gpio.o
    0x080015bc   0x080015bc   0x00000004   Code   RO         1355    i.GPIO_SetBits      stm32f10x_gpio.o
    0x080015c0   0x080015c0   0x0000000a   Code   RO         1358    i.GPIO_WriteBit     stm32f10x_gpio.o
    0x080015ca   0x080015ca   0x00000004   Code   RO         4592    i.HardFault_Handler  stm32f10x_it.o
    0x080015ce   0x080015ce   0x0000006a   Code   RO         3397    i.I2C_ReadByte      i2c.o
    0x08001638   0x08001638   0x0000005c   Code   RO         3399    i.I2C_WriteByte     i2c.o
    0x08001694   0x08001694   0x0000003c   Code   RO         3401    i.IIC_Ack           i2c.o
    0x080016d0   0x080016d0   0x00000040   Code   RO         3402    i.IIC_Init          i2c.o
    0x08001710   0x08001710   0x0000003c   Code   RO         3403    i.IIC_NAck          i2c.o
    0x0800174c   0x0800174c   0x00000058   Code   RO         3404    i.IIC_RecvByte      i2c.o
    0x080017a4   0x080017a4   0x00000060   Code   RO         3405    i.IIC_SendByte      i2c.o
    0x08001804   0x08001804   0x0000000c   Code   RO         3406    i.IIC_SpeedCtl      i2c.o
    0x08001810   0x08001810   0x0000003c   Code   RO         3407    i.IIC_Start         i2c.o
    0x0800184c   0x0800184c   0x0000003c   Code   RO         3408    i.IIC_Stop          i2c.o
    0x08001888   0x08001888   0x00000078   Code   RO         3409    i.IIC_WaitAck       i2c.o
    0x08001900   0x08001900   0x0000000c   Code   RO         3729    i.MQ2_ADC_Read      mq_2.o
    0x0800190c   0x0800190c   0x00000026   Code   RO         3730    i.MQ2_GetData       mq_2.o
    0x08001932   0x08001932   0x00000002   PAD
    0x08001934   0x08001934   0x000000ec   Code   RO         3731    i.MQ2_GetData_PPM   mq_2.o
    0x08001a20   0x08001a20   0x00000028   Code   RO         3732    i.MQ2_Init          mq_2.o
    0x08001a48   0x08001a48   0x00000004   Code   RO         4593    i.MemManage_Handler  stm32f10x_it.o
    0x08001a4c   0x08001a4c   0x00000002   Code   RO         4594    i.NMI_Handler       stm32f10x_it.o
    0x08001a4e   0x08001a4e   0x00000002   PAD
    0x08001a50   0x08001a50   0x00000070   Code   RO          137    i.NVIC_Init         misc.o
    0x08001ac0   0x08001ac0   0x00000014   Code   RO          138    i.NVIC_PriorityGroupConfig  misc.o
    0x08001ad4   0x08001ad4   0x00000002   Code   RO         4595    i.PendSV_Handler    stm32f10x_it.o
    0x08001ad6   0x08001ad6   0x00000002   PAD
    0x08001ad8   0x08001ad8   0x00000018   Code   RO         1773    i.RCC_ADCCLKConfig  stm32f10x_rcc.o
    0x08001af0   0x08001af0   0x00000020   Code   RO         1775    i.RCC_APB1PeriphClockCmd  stm32f10x_rcc.o
    0x08001b10   0x08001b10   0x00000020   Code   RO         1776    i.RCC_APB1PeriphResetCmd  stm32f10x_rcc.o
    0x08001b30   0x08001b30   0x00000020   Code   RO         1777    i.RCC_APB2PeriphClockCmd  stm32f10x_rcc.o
    0x08001b50   0x08001b50   0x00000020   Code   RO         1778    i.RCC_APB2PeriphResetCmd  stm32f10x_rcc.o
    0x08001b70   0x08001b70   0x000000d4   Code   RO         1785    i.RCC_GetClocksFreq  stm32f10x_rcc.o
    0x08001c44   0x08001c44   0x00000070   Code   RO         3645    i.SHT20_GetValue    sht_20.o
    0x08001cb4   0x08001cb4   0x00000016   Code   RO         3646    i.SHT20_read_user_reg  sht_20.o
    0x08001cca   0x08001cca   0x0000000e   Code   RO         3647    i.SHT20_reset       sht_20.o
    0x08001cd8   0x08001cd8   0x00000048   Code   RO         3648    i.SHT2x_CalcRH      sht_20.o
    0x08001d20   0x08001d20   0x0000004c   Code   RO         3649    i.SHT2x_CalcTemperatureC  sht_20.o
    0x08001d6c   0x08001d6c   0x0000004a   Code   RO         3650    i.SHT2x_CheckCrc    sht_20.o
    0x08001db6   0x08001db6   0x000000d0   Code   RO         3651    i.SHT2x_MeasureHM   sht_20.o
    0x08001e86   0x08001e86   0x00000002   Code   RO         4596    i.SVC_Handler       stm32f10x_it.o
    0x08001e88   0x08001e88   0x00000160   Code   RO         4518    i.Sensor_Json_Data  json_transmit.o
    0x08001fe8   0x08001fe8   0x00000008   Code   RO           24    i.SetSysClock       system_stm32f10x.o
    0x08001ff0   0x08001ff0   0x000000e0   Code   RO           25    i.SetSysClockTo72   system_stm32f10x.o
    0x080020d0   0x080020d0   0x00000002   Code   RO         4597    i.SysTick_Handler   stm32f10x_it.o
    0x080020d2   0x080020d2   0x00000002   PAD
    0x080020d4   0x080020d4   0x00000060   Code   RO           27    i.SystemInit        system_stm32f10x.o
    0x08002134   0x08002134   0x00000002   Code   RO         3504    i.USART1_IRQHandler  usart_1.o
    0x08002136   0x08002136   0x00000002   PAD
    0x08002138   0x08002138   0x00000050   Code   RO         3772    i.USART2_IRQHandler  wifi.o
    0x08002188   0x08002188   0x00000012   Code   RO         2956    i.USART_ClearFlag   stm32f10x_usart.o
    0x0800219a   0x0800219a   0x0000001e   Code   RO         2957    i.USART_ClearITPendingBit  stm32f10x_usart.o
    0x080021b8   0x080021b8   0x00000018   Code   RO         2960    i.USART_Cmd         stm32f10x_usart.o
    0x080021d0   0x080021d0   0x0000009c   Code   RO         2962    i.USART_DeInit      stm32f10x_usart.o
    0x0800226c   0x0800226c   0x00000054   Code   RO         2964    i.USART_GetITStatus  stm32f10x_usart.o
    0x080022c0   0x080022c0   0x0000004a   Code   RO         2966    i.USART_ITConfig    stm32f10x_usart.o
    0x0800230a   0x0800230a   0x00000002   PAD
    0x0800230c   0x0800230c   0x000000d8   Code   RO         2967    i.USART_Init        stm32f10x_usart.o
    0x080023e4   0x080023e4   0x0000000a   Code   RO         2974    i.USART_ReceiveData  stm32f10x_usart.o
    0x080023ee   0x080023ee   0x00000004   Code   RO         4598    i.UsageFault_Handler  stm32f10x_it.o
    0x080023f2   0x080023f2   0x00000002   PAD
    0x080023f4   0x080023f4   0x000000bc   Code   RO         3505    i.Usart1_Init       usart_1.o
    0x080024b0   0x080024b0   0x0000005c   Code   RO         3510    i.Usart1_printf     usart_1.o
    0x0800250c   0x0800250c   0x000000b8   Code   RO         3578    i.Usart2_Init       usart_2.o
    0x080025c4   0x080025c4   0x0000005c   Code   RO         3583    i.Usart2_printf     usart_2.o
    0x08002620   0x08002620   0x00000378   Code   RO         3773    i.WiFi_Connect_IoTServer  wifi.o
    0x08002998   0x08002998   0x00000170   Code   RO         3774    i.WiFi_Connect_Server  wifi.o
    0x08002b08   0x08002b08   0x000000a0   Code   RO         3775    i.WiFi_JoinAP       wifi.o
    0x08002ba8   0x08002ba8   0x00000034   Code   RO         3777    i.WiFi_ResetIO_Init  wifi.o
    0x08002bdc   0x08002bdc   0x000000ac   Code   RO         3778    i.WiFi_SendCmd      wifi.o
    0x08002c88   0x08002c88   0x00000028   Code   RO         4923    i.__0sprintf        mc_w.l(printfa.o)
    0x08002cb0   0x08002cb0   0x00000024   Code   RO         4927    i.__0vsprintf       mc_w.l(printfa.o)
    0x08002cd4   0x08002cd4   0x00000028   Code   RO         5013    i.__ARM_fpclassify  m_ws.l(fpclassify.o)
    0x08002cfc   0x08002cfc   0x0000005c   Code   RO         4953    i.__free$realloc    mc_w.l(mallocr.o)
    0x08002d58   0x08002d58   0x000000aa   Code   RO         5015    i.__kernel_poly     m_ws.l(poly.o)
    0x08002e02   0x08002e02   0x00000002   PAD
    0x08002e04   0x08002e04   0x00000050   Code   RO         4954    i.__malloc$realloc  mc_w.l(mallocr.o)
    0x08002e54   0x08002e54   0x00000010   Code   RO         5011    i.__mathlib_dbl_underflow  m_ws.l(dunder.o)
    0x08002e64   0x08002e64   0x0000000e   Code   RO         5094    i.__scatterload_copy  mc_w.l(handlers.o)
    0x08002e72   0x08002e72   0x00000002   Code   RO         5095    i.__scatterload_null  mc_w.l(handlers.o)
    0x08002e74   0x08002e74   0x0000000e   Code   RO         5096    i.__scatterload_zeroinit  mc_w.l(handlers.o)
    0x08002e82   0x08002e82   0x00000002   PAD
    0x08002e84   0x08002e84   0x0000000c   Code   RO         5057    i.__set_errno       mc_w.l(errno.o)
    0x08002e90   0x08002e90   0x00000164   Code   RO         4928    i._fp_digits        mc_w.l(printfa.o)
    0x08002ff4   0x08002ff4   0x0000000e   Code   RO         4981    i._is_digit         mc_w.l(scanf_fp.o)
    0x08003002   0x08003002   0x00000002   PAD
    0x08003004   0x08003004   0x000006dc   Code   RO         4929    i._printf_core      mc_w.l(printfa.o)
    0x080036e0   0x080036e0   0x00000024   Code   RO         4930    i._printf_post_padding  mc_w.l(printfa.o)
    0x08003704   0x08003704   0x0000002e   Code   RO         4931    i._printf_pre_padding  mc_w.l(printfa.o)
    0x08003732   0x08003732   0x0000000a   Code   RO         4933    i._sputc            mc_w.l(printfa.o)
    0x0800373c   0x0800373c   0x00000036   Code   RO         3836    i.add_item_to_array  cjson.o
    0x08003772   0x08003772   0x0000007a   Code   RO         3837    i.add_item_to_object  cjson.o
    0x080037ec   0x080037ec   0x0000003c   Code   RO         3848    i.cJSON_AddNumberToObject  cjson.o
    0x08003828   0x08003828   0x00000064   Code   RO         3862    i.cJSON_CreateNumber  cjson.o
    0x0800388c   0x0800388c   0x00000018   Code   RO         3863    i.cJSON_CreateObject  cjson.o
    0x080038a4   0x080038a4   0x00000060   Code   RO         3870    i.cJSON_Delete      cjson.o
    0x08003904   0x08003904   0x0000001a   Code   RO         3901    i.cJSON_New_Item    cjson.o
    0x0800391e   0x0800391e   0x00000002   PAD
    0x08003920   0x08003920   0x00000014   Code   RO         3909    i.cJSON_PrintUnformatted  cjson.o
    0x08003934   0x08003934   0x00000038   Code   RO         3919    i.cJSON_strdup      cjson.o
    0x0800396c   0x0800396c   0x00000002   Code   RO         3921    i.cast_away_const   cjson.o
    0x0800396e   0x0800396e   0x00000002   PAD
    0x08003970   0x08003970   0x00000074   Code   RO         3922    i.compare_double    cjson.o
    0x080039e4   0x080039e4   0x000000b8   Code   RO         3924    i.ensure            cjson.o
    0x08003a9c   0x08003a9c   0x00000004   Code   RO         3926    i.get_decimal_point  cjson.o
    0x08003aa0   0x08003aa0   0x00000050   Code   RO         4955    i.internal_alloc    mc_w.l(mallocr.o)
    0x08003af0   0x08003af0   0x00000128   Code   RO         4546    i.main              main.o
    0x08003c18   0x08003c18   0x000009e0   Code   RO         4654    i.pow               m_ws.l(pow.o)
    0x080045f8   0x080045f8   0x000000bc   Code   RO         3935    i.print             cjson.o
    0x080046b4   0x080046b4   0x000000b2   Code   RO         3936    i.print_array       cjson.o
    0x08004766   0x08004766   0x00000002   PAD
    0x08004768   0x08004768   0x00000154   Code   RO         3937    i.print_number      cjson.o
    0x080048bc   0x080048bc   0x00000174   Code   RO         3938    i.print_object      cjson.o
    0x08004a30   0x08004a30   0x00000010   Code   RO         3939    i.print_string      cjson.o
    0x08004a40   0x08004a40   0x00000174   Code   RO         3940    i.print_string_ptr  cjson.o
    0x08004bb4   0x08004bb4   0x00000104   Code   RO         3941    i.print_value       cjson.o
    0x08004cb8   0x08004cb8   0x0000006c   Code   RO         4956    i.realloc           mc_w.l(mallocr.o)
    0x08004d24   0x08004d24   0x0000004c   Code   RO         5019    i.sqrt              m_ws.l(sqrt.o)
    0x08004d70   0x08004d70   0x00000006   Code   RO         3946    i.suffix_object     cjson.o
    0x08004d76   0x08004d76   0x00000024   Code   RO         3947    i.update_offset     cjson.o
    0x08004d9a   0x08004d9a   0x00000006   PAD
    0x08004da0   0x08004da0   0x00000088   Data   RO         4655    .constdata          m_ws.l(pow.o)
    0x08004e28   0x08004e28   0x00000008   Data   RO         5017    .constdata          m_ws.l(qnan.o)
    0x08004e30   0x08004e30   0x00000040   Data   RO         5090    .constdata          mc_w.l(ctype_c.o)
    0x08004e70   0x08004e70   0x00000020   Data   RO         5092    Region$$Table       anon$$obj.o


    Execution Region RW_IRAM1 (Exec base: 0x20000000, Load base: 0x08004e90, Size: 0x00001a88, Max: 0x00005000, ABSOLUTE)

    Exec Addr    Load Addr    Size         Type   Attr      Idx    E Section Name        Object

    0x20000000   0x08004e90   0x00000014   Data   RW         1805    .data               stm32f10x_rcc.o
    0x20000014   0x08004ea4   0x00000002   Data   RW         3410    .data               i2c.o
    0x20000016   0x08004ea6   0x00000002   PAD
    0x20000018   0x08004ea8   0x00000008   Data   RW         3588    .data               usart_2.o
    0x20000020   0x08004eb0   0x00000008   Data   RW         3653    .data               sht_20.o
    0x20000028   0x08004eb8   0x00000001   Data   RW         3780    .data               wifi.o
    0x20000029   0x08004eb9   0x00000003   PAD
    0x2000002c   0x08004ebc   0x00000014   Data   RW         3950    .data               cjson.o
    0x20000040   0x08004ed0   0x00000008   Data   RW         4548    .data               main.o
    0x20000048   0x08004ed8   0x00000004   Data   RW         5053    .data               mc_w.l(mvars.o)
    0x2000004c   0x08004edc   0x00000004   Data   RW         5054    .data               mc_w.l(mvars.o)
    0x20000050   0x08004ee0   0x00000004   Data   RW         5058    .data               mc_w.l(errno.o)
    0x20000054   0x08004ee4   0x00000004   PAD
    0x20000058        -       0x00000800   Zero   RW         3513    .bss                usart_1.o
    0x20000858        -       0x00000c00   Zero   RW         3587    .bss                usart_2.o
    0x20001458        -       0x0000002c   Zero   RW         4547    .bss                main.o
    0x20001484   0x08004ee4   0x00000004   PAD
    0x20001488        -       0x00000200   Zero   RW            2    HEAP                startup_stm32f10x_md.o
    0x20001688        -       0x00000400   Zero   RW            1    STACK               startup_stm32f10x_md.o


==============================================================================

Image component sizes


      Code (inc. data)   RO Data    RW Data    ZI Data      Debug   Object Name

       160          8          0          0          0       1063   adcx.o
      2632        110          0         20          0      22915   cjson.o
         0          0          0          0          0       4264   core_cm3.o
        70          0          0          0          0        878   delay.o
       818         92          0          2          0       6448   i2c.o
       352        180          0          0          0       3595   json_transmit.o
       296        108          0          8         44       1608   main.o
       132         22          0          0          0     213659   misc.o
       326         32          0          0          0       2090   mq_2.o
       578         34          0          8          0       5332   sht_20.o
        36          8        236          0       1536        780   startup_stm32f10x_md.o
       394         10          0          0          0      17977   stm32f10x_adc.o
       314          0          0          0          0      12184   stm32f10x_gpio.o
        26          0          0          0          0       3578   stm32f10x_it.o
       364         50          0         20          0      14371   stm32f10x_rcc.o
       612         28          0          0          0      12237   stm32f10x_usart.o
       328         28          0          0          0      24769   system_stm32f10x.o
       282         16          0          0       2048       3052   usart_1.o
       276         16          0          8       3072       2048   usart_2.o
      1720        960          0          1          0       3720   wifi.o

    ----------------------------------------------------------------------
      9744       1702        268         72       6704     356568   Object Totals
         0          0         32          0          0          0   (incl. Generated)
        28          0          0          5          4          0   (incl. Padding)

    ----------------------------------------------------------------------

      Code (inc. data)   RO Data    RW Data    ZI Data      Debug   Library Member Name

        16          6          0          0          0         68   dunder.o
        40          0          0          0          0         68   fpclassify.o
       170          0          0          0          0         96   poly.o
      2528        190        136          0          0        332   pow.o
         0          0          8          0          0          0   qnan.o
        76          0          0          0          0         84   sqrt.o
        56          8          0          0          0         84   __0sscanf.o
       808          6          0          0          0        112   _scanf.o
        64          0          0          0          0         84   _sgetc.o
        40          6         64          0          0         68   ctype_c.o
         0          0          0          0          0          0   entry.o
         0          0          0          0          0          0   entry10a.o
         0          0          0          0          0          0   entry11a.o
         8          4          0          0          0          0   entry2.o
         4          0          0          0          0          0   entry5.o
         0          0          0          0          0          0   entry7b.o
         0          0          0          0          0          0   entry8b.o
         8          4          0          0          0          0   entry9a.o
        12          6          0          4          0         68   errno.o
        30          0          0          0          0          0   handlers.o
        36          8          0          0          0         68   init.o
        10          0          0          0          0         68   isspace_c.o
         0          0          0          0          0          0   iusefp.o
        30          0          0          0          0         68   llshl.o
        36          0          0          0          0         68   llsshr.o
        32          0          0          0          0         68   llushr.o
       360         30          0          0          0        356   mallocr.o
        36          0          0          0          0         68   memcpya.o
        36          0          0          0          0        108   memseta.o
         0          0          0          8          0          0   mvars.o
      2280         92          0          0          0        592   printfa.o
        40          8          0          0          0         84   scanf_char.o
       838         12          0          0          0        216   scanf_fp.o
        18          0          0          0          0         68   strcpy.o
        14          0          0          0          0         68   strlen.o
        36          0          0          0          0         80   strstr.o
        44          0          0          0          0         80   uidiv.o
        98          0          0          0          0         92   uldiv.o
        40          2          0          0          0         68   cdcmple.o
        40          2          0          0          0         68   cdrcmple.o
        56          0          0          0          0         88   d2f.o
       334          0          0          0          0        148   dadd.o
       222          0          0          0          0        100   ddiv.o
       182          0          0          0          0        176   depilogue.o
        62          0          0          0          0         80   dfixi.o
        48          0          0          0          0         68   dfixul.o
        34          0          0          0          0         76   dflti.o
        24          0          0          0          0         76   dfltul.o
       228          0          0          0          0         96   dmul.o
        46          0          0          0          0         80   dscalb.o
       162          0          0          0          0        100   dsqrt.o
        38          0          0          0          0         68   f2d.o
       176          0          0          0          0        140   fadd.o
       124          0          0          0          0         88   fdiv.o
       110          0          0          0          0        168   fepilogue.o
        40          0          0          0          0         68   ffixui.o
        10          0          0          0          0         68   ffltui.o
       100          0          0          0          0         76   fmul.o

    ----------------------------------------------------------------------
      9892        384        208         12          4       5116   Library Totals
        12          0          0          0          4          0   (incl. Padding)

    ----------------------------------------------------------------------

      Code (inc. data)   RO Data    RW Data    ZI Data      Debug   Library Name

      2830        196        144          0          0        648   m_ws.l
      4974        184         64         12          0       2568   mc_w.l
      2076          4          0          0          0       1900   mf_w.l

    ----------------------------------------------------------------------
      9892        384        208         12          4       5116   Library Totals

    ----------------------------------------------------------------------

==============================================================================


      Code (inc. data)   RO Data    RW Data    ZI Data      Debug   

     19636       2086        476         84       6708     353828   Grand Totals
     19636       2086        476         84       6708     353828   ELF Image Totals
     19636       2086        476         84          0          0   ROM Totals

==============================================================================

    Total RO  Size (Code + RO Data)                20112 (  19.64kB)
    Total RW  Size (RW Data + ZI Data)              6792 (   6.63kB)
    Total ROM Size (Code + RO Data + RW Data)      20196 (  19.72kB)

==============================================================================

